###############################################################################
#                                                                             #
# IAR ELF Linker V6.10.1.52143/W32 for ARM              27/Feb/2024  09:33:14 #
# Copyright 2007-2010 IAR Systems AB.                                         #
#                                                                             #
#    Output file  =  G:\combiner\combiner_v1\EXP_IOT_CTRL_PROJECT\Project\EWA #
#                    RMv5_IAP\STM3210C-EVAL\Exe\STM3210C-EVAL.out             #
#    Map file     =  G:\combiner\combiner_v1\EXP_IOT_CTRL_PROJECT\Project\EWA #
#                    RMv5_IAP\STM3210C-EVAL\List\STM3210C-EVAL.map            #
#    Command line =  G:\combiner\combiner_v1\EXP_IOT_CTRL_PROJECT\Project\EWA #
#                    RMv5_IAP\STM3210C-EVAL\Obj\api_lib.o                     #
#                    G:\combiner\combiner_v1\EXP_IOT_CTRL_PROJECT\Project\EWA #
#                    RMv5_IAP\STM3210C-EVAL\Obj\api_msg.o                     #
#                    G:\combiner\combiner_v1\EXP_IOT_CTRL_PROJECT\Project\EWA #
#                    RMv5_IAP\STM3210C-EVAL\Obj\autoip.o                      #
#                    G:\combiner\combiner_v1\EXP_IOT_CTRL_PROJECT\Project\EWA #
#                    RMv5_IAP\STM3210C-EVAL\Obj\can_bus.o                     #
#                    G:\combiner\combiner_v1\EXP_IOT_CTRL_PROJECT\Project\EWA #
#                    RMv5_IAP\STM3210C-EVAL\Obj\core_cm3.o                    #
#                    G:\combiner\combiner_v1\EXP_IOT_CTRL_PROJECT\Project\EWA #
#                    RMv5_IAP\STM3210C-EVAL\Obj\dhcp.o                        #
#                    G:\combiner\combiner_v1\EXP_IOT_CTRL_PROJECT\Project\EWA #
#                    RMv5_IAP\STM3210C-EVAL\Obj\err.o                         #
#                    G:\combiner\combiner_v1\EXP_IOT_CTRL_PROJECT\Project\EWA #
#                    RMv5_IAP\STM3210C-EVAL\Obj\etharp.o                      #
#                    G:\combiner\combiner_v1\EXP_IOT_CTRL_PROJECT\Project\EWA #
#                    RMv5_IAP\STM3210C-EVAL\Obj\ethernetif.o                  #
#                    G:\combiner\combiner_v1\EXP_IOT_CTRL_PROJECT\Project\EWA #
#                    RMv5_IAP\STM3210C-EVAL\Obj\fun.o                         #
#                    G:\combiner\combiner_v1\EXP_IOT_CTRL_PROJECT\Project\EWA #
#                    RMv5_IAP\STM3210C-EVAL\Obj\icmp.o                        #
#                    G:\combiner\combiner_v1\EXP_IOT_CTRL_PROJECT\Project\EWA #
#                    RMv5_IAP\STM3210C-EVAL\Obj\igmp.o                        #
#                    G:\combiner\combiner_v1\EXP_IOT_CTRL_PROJECT\Project\EWA #
#                    RMv5_IAP\STM3210C-EVAL\Obj\inet.o                        #
#                    G:\combiner\combiner_v1\EXP_IOT_CTRL_PROJECT\Project\EWA #
#                    RMv5_IAP\STM3210C-EVAL\Obj\inet_chksum.o                 #
#                    G:\combiner\combiner_v1\EXP_IOT_CTRL_PROJECT\Project\EWA #
#                    RMv5_IAP\STM3210C-EVAL\Obj\init.o                        #
#                    G:\combiner\combiner_v1\EXP_IOT_CTRL_PROJECT\Project\EWA #
#                    RMv5_IAP\STM3210C-EVAL\Obj\ip.o                          #
#                    G:\combiner\combiner_v1\EXP_IOT_CTRL_PROJECT\Project\EWA #
#                    RMv5_IAP\STM3210C-EVAL\Obj\ip_addr.o                     #
#                    G:\combiner\combiner_v1\EXP_IOT_CTRL_PROJECT\Project\EWA #
#                    RMv5_IAP\STM3210C-EVAL\Obj\ip_frag.o                     #
#                    G:\combiner\combiner_v1\EXP_IOT_CTRL_PROJECT\Project\EWA #
#                    RMv5_IAP\STM3210C-EVAL\Obj\logic_ctrl.o                  #
#                    G:\combiner\combiner_v1\EXP_IOT_CTRL_PROJECT\Project\EWA #
#                    RMv5_IAP\STM3210C-EVAL\Obj\main.o                        #
#                    G:\combiner\combiner_v1\EXP_IOT_CTRL_PROJECT\Project\EWA #
#                    RMv5_IAP\STM3210C-EVAL\Obj\mem.o                         #
#                    G:\combiner\combiner_v1\EXP_IOT_CTRL_PROJECT\Project\EWA #
#                    RMv5_IAP\STM3210C-EVAL\Obj\memp.o                        #
#                    G:\combiner\combiner_v1\EXP_IOT_CTRL_PROJECT\Project\EWA #
#                    RMv5_IAP\STM3210C-EVAL\Obj\misc.o                        #
#                    G:\combiner\combiner_v1\EXP_IOT_CTRL_PROJECT\Project\EWA #
#                    RMv5_IAP\STM3210C-EVAL\Obj\modbus_rtu.o                  #
#                    G:\combiner\combiner_v1\EXP_IOT_CTRL_PROJECT\Project\EWA #
#                    RMv5_IAP\STM3210C-EVAL\Obj\netbuf.o                      #
#                    G:\combiner\combiner_v1\EXP_IOT_CTRL_PROJECT\Project\EWA #
#                    RMv5_IAP\STM3210C-EVAL\Obj\netconf.o                     #
#                    G:\combiner\combiner_v1\EXP_IOT_CTRL_PROJECT\Project\EWA #
#                    RMv5_IAP\STM3210C-EVAL\Obj\netdb.o                       #
#                    G:\combiner\combiner_v1\EXP_IOT_CTRL_PROJECT\Project\EWA #
#                    RMv5_IAP\STM3210C-EVAL\Obj\netif.o                       #
#                    G:\combiner\combiner_v1\EXP_IOT_CTRL_PROJECT\Project\EWA #
#                    RMv5_IAP\STM3210C-EVAL\Obj\netifapi.o                    #
#                    G:\combiner\combiner_v1\EXP_IOT_CTRL_PROJECT\Project\EWA #
#                    RMv5_IAP\STM3210C-EVAL\Obj\pbuf.o                        #
#                    G:\combiner\combiner_v1\EXP_IOT_CTRL_PROJECT\Project\EWA #
#                    RMv5_IAP\STM3210C-EVAL\Obj\raw.o                         #
#                    G:\combiner\combiner_v1\EXP_IOT_CTRL_PROJECT\Project\EWA #
#                    RMv5_IAP\STM3210C-EVAL\Obj\startup_stm32f10x_cl.o        #
#                    G:\combiner\combiner_v1\EXP_IOT_CTRL_PROJECT\Project\EWA #
#                    RMv5_IAP\STM3210C-EVAL\Obj\stats.o                       #
#                    G:\combiner\combiner_v1\EXP_IOT_CTRL_PROJECT\Project\EWA #
#                    RMv5_IAP\STM3210C-EVAL\Obj\stm32_eth.o                   #
#                    G:\combiner\combiner_v1\EXP_IOT_CTRL_PROJECT\Project\EWA #
#                    RMv5_IAP\STM3210C-EVAL\Obj\stm32f107.o                   #
#                    G:\combiner\combiner_v1\EXP_IOT_CTRL_PROJECT\Project\EWA #
#                    RMv5_IAP\STM3210C-EVAL\Obj\stm32f10x_adc.o               #
#                    G:\combiner\combiner_v1\EXP_IOT_CTRL_PROJECT\Project\EWA #
#                    RMv5_IAP\STM3210C-EVAL\Obj\stm32f10x_bkp.o               #
#                    G:\combiner\combiner_v1\EXP_IOT_CTRL_PROJECT\Project\EWA #
#                    RMv5_IAP\STM3210C-EVAL\Obj\stm32f10x_can.o               #
#                    G:\combiner\combiner_v1\EXP_IOT_CTRL_PROJECT\Project\EWA #
#                    RMv5_IAP\STM3210C-EVAL\Obj\stm32f10x_dma.o               #
#                    G:\combiner\combiner_v1\EXP_IOT_CTRL_PROJECT\Project\EWA #
#                    RMv5_IAP\STM3210C-EVAL\Obj\stm32f10x_exti.o              #
#                    G:\combiner\combiner_v1\EXP_IOT_CTRL_PROJECT\Project\EWA #
#                    RMv5_IAP\STM3210C-EVAL\Obj\stm32f10x_flash.o             #
#                    G:\combiner\combiner_v1\EXP_IOT_CTRL_PROJECT\Project\EWA #
#                    RMv5_IAP\STM3210C-EVAL\Obj\stm32f10x_gpio.o              #
#                    G:\combiner\combiner_v1\EXP_IOT_CTRL_PROJECT\Project\EWA #
#                    RMv5_IAP\STM3210C-EVAL\Obj\stm32f10x_i2c.o               #
#                    G:\combiner\combiner_v1\EXP_IOT_CTRL_PROJECT\Project\EWA #
#                    RMv5_IAP\STM3210C-EVAL\Obj\stm32f10x_it.o                #
#                    G:\combiner\combiner_v1\EXP_IOT_CTRL_PROJECT\Project\EWA #
#                    RMv5_IAP\STM3210C-EVAL\Obj\stm32f10x_pwr.o               #
#                    G:\combiner\combiner_v1\EXP_IOT_CTRL_PROJECT\Project\EWA #
#                    RMv5_IAP\STM3210C-EVAL\Obj\stm32f10x_rcc.o               #
#                    G:\combiner\combiner_v1\EXP_IOT_CTRL_PROJECT\Project\EWA #
#                    RMv5_IAP\STM3210C-EVAL\Obj\stm32f10x_rtc.o               #
#                    G:\combiner\combiner_v1\EXP_IOT_CTRL_PROJECT\Project\EWA #
#                    RMv5_IAP\STM3210C-EVAL\Obj\stm32f10x_spi.o               #
#                    G:\combiner\combiner_v1\EXP_IOT_CTRL_PROJECT\Project\EWA #
#                    RMv5_IAP\STM3210C-EVAL\Obj\stm32f10x_tim.o               #
#                    G:\combiner\combiner_v1\EXP_IOT_CTRL_PROJECT\Project\EWA #
#                    RMv5_IAP\STM3210C-EVAL\Obj\stm32f10x_usart.o             #
#                    G:\combiner\combiner_v1\EXP_IOT_CTRL_PROJECT\Project\EWA #
#                    RMv5_IAP\STM3210C-EVAL\Obj\sys.o                         #
#                    G:\combiner\combiner_v1\EXP_IOT_CTRL_PROJECT\Project\EWA #
#                    RMv5_IAP\STM3210C-EVAL\Obj\system_stm32f10x.o            #
#                    G:\combiner\combiner_v1\EXP_IOT_CTRL_PROJECT\Project\EWA #
#                    RMv5_IAP\STM3210C-EVAL\Obj\tcp.o                         #
#                    G:\combiner\combiner_v1\EXP_IOT_CTRL_PROJECT\Project\EWA #
#                    RMv5_IAP\STM3210C-EVAL\Obj\tcp_in.o                      #
#                    G:\combiner\combiner_v1\EXP_IOT_CTRL_PROJECT\Project\EWA #
#                    RMv5_IAP\STM3210C-EVAL\Obj\tcp_out.o                     #
#                    G:\combiner\combiner_v1\EXP_IOT_CTRL_PROJECT\Project\EWA #
#                    RMv5_IAP\STM3210C-EVAL\Obj\tcpip.o                       #
#                    G:\combiner\combiner_v1\EXP_IOT_CTRL_PROJECT\Project\EWA #
#                    RMv5_IAP\STM3210C-EVAL\Obj\udp.o                         #
#                    G:\combiner\combiner_v1\EXP_IOT_CTRL_PROJECT\Project\EWA #
#                    RMv5_IAP\STM3210C-EVAL\Obj\udpclient.o -o                #
#                    G:\combiner\combiner_v1\EXP_IOT_CTRL_PROJECT\Project\EWA #
#                    RMv5_IAP\STM3210C-EVAL\Exe\STM3210C-EVAL.out --map       #
#                    G:\combiner\combiner_v1\EXP_IOT_CTRL_PROJECT\Project\EWA #
#                    RMv5_IAP\STM3210C-EVAL\List\STM3210C-EVAL.map --config   #
#                    G:\combiner\combiner_v1\EXP_IOT_CTRL_PROJECT\Project\EWA #
#                    RMv5_IAP\STM32F10x_FLASH.icf --semihosting --entry       #
#                    __iar_program_start                                      #
#                                                                             #
#                                                                             #
###############################################################################

*******************************************************************************
*** RUNTIME MODEL ATTRIBUTES
***

CppFlavor       = *
__SystemLibrary = DLib


*******************************************************************************
*** PLACEMENT SUMMARY
***

"A1":  place at 0x08010000 { ro section .intvec };
"P1":  place in [from 0x08010000 to 0x0803ffff] { ro };
"P2":  place in [from 0x20000000 to 0x2000ffff] { rw, block CSTACK, block HEAP };

  Section            Kind        Address    Size  Object
  -------            ----        -------    ----  ------
"A1":                                      0x150
  .intvec            ro code  0x08010000   0x150  startup_stm32f10x_cl.o [1]
                            - 0x08010150   0x150

"P1":                                     0xca90
  .text              ro code  0x08010150  0x28f4  logic_ctrl.o [1]
  .text              ro code  0x08012a44    0x70  ABImemcpy.o [4]
  .text              ro code  0x08012ab4   0x20c  stm32f10x_gpio.o [1]
  .text              ro code  0x08012cc0   0xa84  can_bus.o [1]
  .text              ro code  0x08013744   0x17e  stm32f10x_flash.o [1]
  .text              ro code  0x080138c2    0x16  tcp_out.o [1]
  .text              ro code  0x080138d8   0x544  stm32f10x_can.o [1]
  .text              ro code  0x08013e1c   0x4e0  fun.o [1]
  .text              ro code  0x080142fc   0x270  stm32f10x_rcc.o [1]
  .text              ro code  0x0801456c  0x141c  tcp_in.o [1]
  .text              ro code  0x08015988    0x3e  inet.o [1]
  .text              ro code  0x080159c6   0x614  pbuf.o [1]
  .text              ro code  0x08015fda    0x2e  copy_init3.o [4]
  .text              ro code  0x08016008    0x58  ip_addr.o [1]
  .text              ro code  0x08016060   0x8c8  tcp.o [1]
  .text              ro code  0x08016928    0xf8  memp.o [1]
  .text              ro code  0x08016a20   0xa7a  tcp_out.o [1]
  .text              ro code  0x0801749a    0x22  zero_init3.o [4]
  .text              ro code  0x080174bc   0x3e0  mem.o [1]
  .text              ro code  0x0801789c    0x16  udp.o [1]
  .text              ro code  0x080178b4   0x38c  ip.o [1]
  .text              ro code  0x08017c40    0x66  ABImemset.o [4]
  .text              ro code  0x08017ca8   0x170  netif.o [1]
  .text              ro code  0x08017e18   0x678  ip_frag.o [1]
  .text              ro code  0x08018490    0x88  raw.o [1]
  .text              ro code  0x08018518   0x438  udp.o [1]
  .text              ro code  0x08018950   0x232  icmp.o [1]
  .text              ro code  0x08018b84   0xb34  etharp.o [1]
  .text              ro code  0x080196b8    0xd6  inet_chksum.o [1]
  .text              ro code  0x08019790   0xf54  modbus_rtu.o [1]
  .text              ro code  0x0801a6e4   0x1cc  stm32f10x_usart.o [1]
  .text              ro code  0x0801a8b0   0x746  stm32_eth.o [1]
  .text              ro code  0x0801aff8   0x6a0  main.o [1]
  .text              ro code  0x0801b698   0x64e  stm32f107.o [1]
  .text              ro code  0x0801bce8    0xe4  netconf.o [1]
  .text              ro code  0x0801bdcc   0x3dc  udpclient.o [1]
  .text              ro code  0x0801c1a8   0x26e  stm32f10x_tim.o [1]
  .text              ro code  0x0801c418   0x19c  system_stm32f10x.o [1]
  .text              ro code  0x0801c5b4     0xc  stm32f10x_pwr.o [1]
  .text              ro code  0x0801c5c0    0x9c  misc.o [1]
  .text              ro code  0x0801c65c   0x300  ethernetif.o [1]
  .text              ro code  0x0801c95c    0xa8  stm32f10x_it.o [1]
  .text              ro code  0x0801ca04    0x2c  data_init3.o [4]
  .iar.init_table    const    0x0801ca30    0x24  - Linker created -
  .text              ro code  0x0801ca54    0x16  cmain.o [4]
  .text              ro code  0x0801ca6a     0x4  low_level_init.o [3]
  .text              ro code  0x0801ca6e     0x8  exit.o [3]
  .text              ro code  0x0801ca78     0xa  cexit.o [4]
  .text              ro code  0x0801ca84    0x14  exit.o [5]
  .text              ro code  0x0801ca98     0xc  cstartup_M.o [4]
  .text              ro code  0x0801caa4     0x4  startup_stm32f10x_cl.o [1]
  .text              ro code  0x0801caa8     0x4  startup_stm32f10x_cl.o [1]
  .text              ro code  0x0801caac     0x4  startup_stm32f10x_cl.o [1]
  .text              ro code  0x0801cab0     0x4  startup_stm32f10x_cl.o [1]
  .text              ro code  0x0801cab4     0x4  startup_stm32f10x_cl.o [1]
  .text              ro code  0x0801cab8     0x4  startup_stm32f10x_cl.o [1]
  .text              ro code  0x0801cabc     0x4  startup_stm32f10x_cl.o [1]
  .text              ro code  0x0801cac0     0x4  startup_stm32f10x_cl.o [1]
  .text              ro code  0x0801cac4     0x4  startup_stm32f10x_cl.o [1]
  .text              ro code  0x0801cac8     0x4  startup_stm32f10x_cl.o [1]
  .text              ro code  0x0801cacc     0x4  startup_stm32f10x_cl.o [1]
  .text              ro code  0x0801cad0     0x4  startup_stm32f10x_cl.o [1]
  .text              ro code  0x0801cad4     0x4  startup_stm32f10x_cl.o [1]
  .text              ro code  0x0801cad8     0x4  startup_stm32f10x_cl.o [1]
  .text              ro code  0x0801cadc     0x4  startup_stm32f10x_cl.o [1]
  .text              ro code  0x0801cae0     0x4  startup_stm32f10x_cl.o [1]
  .text              ro code  0x0801cae4     0x4  startup_stm32f10x_cl.o [1]
  .text              ro code  0x0801cae8     0x4  startup_stm32f10x_cl.o [1]
  .text              ro code  0x0801caec     0x4  startup_stm32f10x_cl.o [1]
  .text              ro code  0x0801caf0     0x4  startup_stm32f10x_cl.o [1]
  .text              ro code  0x0801caf4     0x4  startup_stm32f10x_cl.o [1]
  .text              ro code  0x0801caf8     0x4  startup_stm32f10x_cl.o [1]
  .text              ro code  0x0801cafc     0x4  startup_stm32f10x_cl.o [1]
  .text              ro code  0x0801cb00     0x4  startup_stm32f10x_cl.o [1]
  .text              ro code  0x0801cb04     0x4  startup_stm32f10x_cl.o [1]
  .text              ro code  0x0801cb08     0x4  startup_stm32f10x_cl.o [1]
  .text              ro code  0x0801cb0c     0x4  startup_stm32f10x_cl.o [1]
  .text              ro code  0x0801cb10     0x4  startup_stm32f10x_cl.o [1]
  .text              ro code  0x0801cb14     0x4  startup_stm32f10x_cl.o [1]
  .text              ro code  0x0801cb18     0x4  startup_stm32f10x_cl.o [1]
  .text              ro code  0x0801cb1c     0x4  startup_stm32f10x_cl.o [1]
  .text              ro code  0x0801cb20     0x4  startup_stm32f10x_cl.o [1]
  .text              ro code  0x0801cb24     0x4  startup_stm32f10x_cl.o [1]
  .text              ro code  0x0801cb28     0x4  startup_stm32f10x_cl.o [1]
  .text              ro code  0x0801cb2c     0x4  startup_stm32f10x_cl.o [1]
  .text              ro code  0x0801cb30     0x4  startup_stm32f10x_cl.o [1]
  .text              ro code  0x0801cb34     0x4  startup_stm32f10x_cl.o [1]
  .text              ro code  0x0801cb38     0x4  startup_stm32f10x_cl.o [1]
  .text              ro code  0x0801cb3c     0x4  startup_stm32f10x_cl.o [1]
  .text              ro code  0x0801cb40     0x4  startup_stm32f10x_cl.o [1]
  .text              ro code  0x0801cb44     0x4  startup_stm32f10x_cl.o [1]
  .text              ro code  0x0801cb48     0x4  startup_stm32f10x_cl.o [1]
  .text              ro code  0x0801cb4c     0x4  startup_stm32f10x_cl.o [1]
  .text              ro code  0x0801cb50     0x4  startup_stm32f10x_cl.o [1]
  .text              ro code  0x0801cb54     0x4  startup_stm32f10x_cl.o [1]
  .text              ro code  0x0801cb58     0x4  startup_stm32f10x_cl.o [1]
  .text              ro code  0x0801cb5c     0x4  startup_stm32f10x_cl.o [1]
  .text              ro code  0x0801cb60     0x4  startup_stm32f10x_cl.o [1]
  .text              ro code  0x0801cb64     0x4  startup_stm32f10x_cl.o [1]
  .text              ro code  0x0801cb68     0x4  startup_stm32f10x_cl.o [1]
  .text              ro code  0x0801cb6c     0x4  startup_stm32f10x_cl.o [1]
  .text              ro code  0x0801cb70     0x4  startup_stm32f10x_cl.o [1]
  .text              ro code  0x0801cb74     0x4  startup_stm32f10x_cl.o [1]
  .text              ro code  0x0801cb78     0x4  startup_stm32f10x_cl.o [1]
  .text              ro code  0x0801cb7c     0x4  startup_stm32f10x_cl.o [1]
  .text              ro code  0x0801cb80     0x4  startup_stm32f10x_cl.o [1]
  .text              ro code  0x0801cb84     0x4  startup_stm32f10x_cl.o [1]
  .text              ro code  0x0801cb88     0x4  startup_stm32f10x_cl.o [1]
  .text              ro code  0x0801cb8c     0x4  startup_stm32f10x_cl.o [1]
  .text              ro code  0x0801cb90     0x4  startup_stm32f10x_cl.o [1]
  .text              ro code  0x0801cb94     0x4  startup_stm32f10x_cl.o [1]
  .text              ro code  0x0801cb98     0x4  startup_stm32f10x_cl.o [1]
  .text              ro code  0x0801cb9c     0x4  startup_stm32f10x_cl.o [1]
  .text              ro code  0x0801cba0     0x4  startup_stm32f10x_cl.o [1]
  .text              ro code  0x0801cba4     0x4  startup_stm32f10x_cl.o [1]
  .text              ro code  0x0801cba8     0x4  startup_stm32f10x_cl.o [1]
  .text              ro code  0x0801cbac     0x4  startup_stm32f10x_cl.o [1]
  .text              ro code  0x0801cbb0     0x4  startup_stm32f10x_cl.o [1]
  .text              ro code  0x0801cbb4     0x4  startup_stm32f10x_cl.o [1]
  .text              ro code  0x0801cbb8     0x4  startup_stm32f10x_cl.o [1]
  Initializer bytes  ro data  0x0801cbbc    0x24  <for P2 s0>
                            - 0x0801cbe0  0xca90

"P2", part 1 of 3:                          0x24
  P2 s0                       0x20000000    0x24  <Init block>
    .data            inited   0x20000000    0x10  stm32f10x_rcc.o [1]
    .data            inited   0x20000010     0x4  stm32f10x_rcc.o [1]
    .data            inited   0x20000014     0x4  tcp.o [1]
    .data            inited   0x20000018     0x2  logic_ctrl.o [1]
    .data            inited   0x2000001a     0x2  logic_ctrl.o [1]
    .data            inited   0x2000001c     0x2  main.o [1]
    .data            inited   0x2000001e     0x2  main.o [1]
    .data            inited   0x20000020     0x2  main.o [1]
    .data            inited   0x20000022     0x2  main.o [1]
                            - 0x20000024    0x24

"P2", part 2 of 3:                        0xdedc
  .bss               zero     0x20000024  0x5014  mem.o [1]
  .bss               zero     0x20005038  0x468c  memp.o [1]
  .bss               zero     0x200096c4  0x17c0  ethernetif.o [1]
  .bss               zero     0x2000ae84   0xbe0  ethernetif.o [1]
  .bss               zero     0x2000ba64   0x820  logic_ctrl.o [1]
  .bss               zero     0x2000c284   0x5e0  ip_frag.o [1]
  .bss               zero     0x2000c864   0x2d0  logic_ctrl.o [1]
  .bss               zero     0x2000cb34   0x2bc  can_bus.o [1]
  .bss               zero     0x2000cdf0   0x270  udpclient.o [1]
  .bss               zero     0x2000d060   0x258  logic_ctrl.o [1]
  .bss               zero     0x2000d2b8   0x190  can_bus.o [1]
  .bss               zero     0x2000d448   0x190  can_bus.o [1]
  .bss               zero     0x2000d5d8   0x124  logic_ctrl.o [1]
  .bss               zero     0x2000d6fc   0x124  logic_ctrl.o [1]
  .bss               zero     0x2000d820   0x124  logic_ctrl.o [1]
  .bss               zero     0x2000d944    0xc8  etharp.o [1]
  .bss               zero     0x2000da0c    0xc8  fun.o [1]
  .bss               zero     0x2000dad4    0x64  logic_ctrl.o [1]
  .bss               zero     0x2000db38    0x40  ethernetif.o [1]
  .bss               zero     0x2000db78    0x34  modbus_rtu.o [1]
  .bss               zero     0x2000dbac    0x34  modbus_rtu.o [1]
  .bss               zero     0x2000dbe0    0x30  netconf.o [1]
  .bss               zero     0x2000dc10    0x28  logic_ctrl.o [1]
  .bss               zero     0x2000dc38    0x24  memp.o [1]
  .bss               zero     0x2000dc5c    0x20  ethernetif.o [1]
  .bss               zero     0x2000dc7c    0x14  logic_ctrl.o [1]
  .bss               zero     0x2000dc90    0x14  logic_ctrl.o [1]
  .bss               zero     0x2000dca4    0x14  logic_ctrl.o [1]
  .bss               zero     0x2000dcb8    0x14  logic_ctrl.o [1]
  .bss               zero     0x2000dccc    0x14  logic_ctrl.o [1]
  .bss               zero     0x2000dce0    0x14  logic_ctrl.o [1]
  .bss               zero     0x2000dcf4    0x14  logic_ctrl.o [1]
  .bss               zero     0x2000dd08    0x14  logic_ctrl.o [1]
  .bss               zero     0x2000dd1c    0x14  logic_ctrl.o [1]
  .bss               zero     0x2000dd30    0x14  logic_ctrl.o [1]
  .bss               zero     0x2000dd44    0x14  logic_ctrl.o [1]
  .bss               zero     0x2000dd58    0x14  logic_ctrl.o [1]
  .bss               zero     0x2000dd6c    0x14  logic_ctrl.o [1]
  .bss               zero     0x2000dd80    0x14  logic_ctrl.o [1]
  .bss               zero     0x2000dd94    0x14  logic_ctrl.o [1]
  .bss               zero     0x2000dda8    0x14  logic_ctrl.o [1]
  .bss               zero     0x2000ddbc    0x14  logic_ctrl.o [1]
  .bss               zero     0x2000ddd0    0x14  modbus_rtu.o [1]
  .bss               zero     0x2000dde4    0x14  tcp_in.o [1]
  .bss               zero     0x2000ddf8     0xc  can_bus.o [1]
  .bss               zero     0x2000de04     0xc  fun.o [1]
  .bss               zero     0x2000de10     0xc  logic_ctrl.o [1]
  .bss               zero     0x2000de1c     0xc  logic_ctrl.o [1]
  .bss               zero     0x2000de28     0xc  logic_ctrl.o [1]
  .bss               zero     0x2000de34     0x8  ethernetif.o [1]
  .bss               zero     0x2000de3c     0x8  main.o [1]
  .bss               zero     0x2000de44     0x4  ip.o [1]
  .bss               zero     0x2000de48     0x4  ip.o [1]
  .bss               zero     0x2000de4c     0x4  ip_frag.o [1]
  .bss               zero     0x2000de50     0x4  main.o [1]
  .bss               zero     0x2000de54     0x4  mem.o [1]
  .bss               zero     0x2000de58     0x4  mem.o [1]
  .bss               zero     0x2000de5c     0x4  mem.o [1]
  .bss               zero     0x2000de60     0x4  netconf.o [1]
  .bss               zero     0x2000de64     0x4  netconf.o [1]
  .bss               zero     0x2000de68     0x4  netif.o [1]
  .bss               zero     0x2000de6c     0x4  netif.o [1]
  .bss               zero     0x2000de70     0x4  raw.o [1]
  .bss               zero     0x2000de74     0x4  stm32_eth.o [1]
  .bss               zero     0x2000de78     0x4  stm32_eth.o [1]
  .bss               zero     0x2000de7c     0x4  stm32f107.o [1]
  .bss               zero     0x2000de80     0x4  tcp.o [1]
  .bss               zero     0x2000de84     0x4  tcp.o [1]
  .bss               zero     0x2000de88     0x4  tcp.o [1]
  .bss               zero     0x2000de8c     0x4  tcp.o [1]
  .bss               zero     0x2000de90     0x4  tcp.o [1]
  .bss               zero     0x2000de94     0x4  tcp.o [1]
  .bss               zero     0x2000de98     0x4  tcp_in.o [1]
  .bss               zero     0x2000de9c     0x4  tcp_in.o [1]
  .bss               zero     0x2000dea0     0x4  tcp_in.o [1]
  .bss               zero     0x2000dea4     0x4  tcp_in.o [1]
  .bss               zero     0x2000dea8     0x4  tcp_in.o [1]
  .bss               zero     0x2000deac     0x4  tcp_in.o [1]
  .bss               zero     0x2000deb0     0x4  udp.o [1]
  .bss               zero     0x2000deb4     0x2  can_bus.o [1]
  .bss               zero     0x2000deb6     0x2  can_bus.o [1]
  .bss               zero     0x2000deb8     0x2  can_bus.o [1]
  .bss               zero     0x2000deba     0x2  ip.o [1]
  .bss               zero     0x2000debc     0x2  ip_frag.o [1]
  .bss               zero     0x2000debe     0x2  logic_ctrl.o [1]
  .bss               zero     0x2000dec0     0x2  logic_ctrl.o [1]
  .bss               zero     0x2000dec2     0x2  logic_ctrl.o [1]
  .bss               zero     0x2000dec4     0x2  logic_ctrl.o [1]
  .bss               zero     0x2000dec6     0x2  logic_ctrl.o [1]
  .bss               zero     0x2000dec8     0x2  logic_ctrl.o [1]
  .bss               zero     0x2000deca     0x2  logic_ctrl.o [1]
  .bss               zero     0x2000decc     0x2  logic_ctrl.o [1]
  .bss               zero     0x2000dece     0x2  main.o [1]
  .bss               zero     0x2000ded0     0x2  main.o [1]
  .bss               zero     0x2000ded2     0x2  main.o [1]
  .bss               zero     0x2000ded4     0x2  main.o [1]
  .bss               zero     0x2000ded6     0x2  main.o [1]
  .bss               zero     0x2000ded8     0x2  modbus_rtu.o [1]
  .bss               zero     0x2000deda     0x2  modbus_rtu.o [1]
  .bss               zero     0x2000dedc     0x2  modbus_rtu.o [1]
  .bss               zero     0x2000dede     0x2  modbus_rtu.o [1]
  .bss               zero     0x2000dee0     0x2  tcp_in.o [1]
  .bss               zero     0x2000dee2     0x1  can_bus.o [1]
  .bss               zero     0x2000dee3     0x1  can_bus.o [1]
  .bss               zero     0x2000dee4     0x1  etharp.o [1]
  .bss               zero     0x2000dee5     0x1  logic_ctrl.o [1]
  .bss               zero     0x2000dee6     0x1  logic_ctrl.o [1]
  .bss               zero     0x2000dee7     0x1  logic_ctrl.o [1]
  .bss               zero     0x2000dee8     0x1  logic_ctrl.o [1]
  .bss               zero     0x2000dee9     0x1  logic_ctrl.o [1]
  .bss               zero     0x2000deea     0x1  logic_ctrl.o [1]
  .bss               zero     0x2000deeb     0x1  logic_ctrl.o [1]
  .bss               zero     0x2000deec     0x1  logic_ctrl.o [1]
  .bss               zero     0x2000deed     0x1  logic_ctrl.o [1]
  .bss               zero     0x2000deee     0x1  main.o [1]
  .bss               zero     0x2000deef     0x1  main.o [1]
  .bss               zero     0x2000def0     0x1  main.o [1]
  .bss               zero     0x2000def1     0x1  main.o [1]
  .bss               zero     0x2000def2     0x1  mem.o [1]
  .bss               zero     0x2000def3     0x1  modbus_rtu.o [1]
  .bss               zero     0x2000def4     0x1  modbus_rtu.o [1]
  .bss               zero     0x2000def5     0x1  netif.o [1]
  .bss               zero     0x2000def6     0x1  tcp.o [1]
  .bss               zero     0x2000def7     0x1  tcp_in.o [1]
  .bss               zero     0x2000def8     0x1  tcp_in.o [1]
                            - 0x2000def9  0xded5

"P2", part 3 of 3:                        0x1000
  CSTACK                      0x2000df00  0x1000  <Block>
    CSTACK           uninit   0x2000df00  0x1000  <Block tail>
                            - 0x2000ef00  0x1000


*******************************************************************************
*** INIT TABLE
***

          Address     Size
          -------     ----
Zero (__iar_zero_init3)
    1 destination range, total size 0xded5:
          0x20000024  0xded5

Copy (__iar_copy_init3)
    1 source range, total size 0x24:
          0x0801cbbc    0x24
    1 destination range, total size 0x24:
          0x20000000    0x24


*******************************************************************************
*** MODULE SUMMARY
***

    Module                  ro code  ro data  rw data
    ------                  -------  -------  -------
G:\combiner\combiner_v1\EXP_IOT_CTRL_PROJECT\Project\EWARMv5_IAP\STM3210C-EVAL\Obj: [1]
    can_bus.o                 2 692             1 520
    etharp.o                  2 868               201
    ethernetif.o                768             9 224
    fun.o                     1 248               212
    icmp.o                      562
    inet.o                       62
    inet_chksum.o               214
    ip.o                        908                10
    ip_addr.o                    88
    ip_frag.o                 1 656             1 510
    logic_ctrl.o             10 484        4    4 821
    main.o                    1 696        8       34
    mem.o                       992            20 513
    memp.o                      248            18 096
    misc.o                      156
    modbus_rtu.o              3 924               134
    netconf.o                   228                56
    netif.o                     368                 9
    pbuf.o                    1 556
    raw.o                       136                 4
    startup_stm32f10x_cl.o      616
    stm32_eth.o               1 862                 8
    stm32f107.o               1 614                 4
    stm32f10x_can.o           1 348
    stm32f10x_flash.o           382
    stm32f10x_gpio.o            524
    stm32f10x_it.o              168
    stm32f10x_pwr.o              12
    stm32f10x_rcc.o             624       20       20
    stm32f10x_tim.o             622
    stm32f10x_usart.o           460
    system_stm32f10x.o          412
    tcp.o                     2 248        4       29
    tcp_in.o                  5 148                48
    tcp_out.o                 2 704
    udp.o                     1 102                 4
    udpclient.o                 988               624
    -------------------------------------------------
    Total:                   51 688       36   57 081

command line: [2]
    -------------------------------------------------
    Total:

dl7M_tlf.a: [3]
    exit.o                        8
    low_level_init.o              4
    -------------------------------------------------
    Total:                       12

rt7M_tl.a: [4]
    ABImemcpy.o                 112
    ABImemset.o                 102
    cexit.o                      10
    cmain.o                      22
    copy_init3.o                 46
    cstartup_M.o                 12
    data_init3.o                 44
    zero_init3.o                 34
    -------------------------------------------------
    Total:                      382

shb_l.a: [5]
    exit.o                       20
    -------------------------------------------------
    Total:                       20

    Gaps                         18
    Linker created                        36    4 096
-----------------------------------------------------
    Grand Total:             52 120       72   61 177


*******************************************************************************
*** ENTRY LIST
***

Entry                      Address    Size  Type      Object
-----                      -------    ----  ----      ------
?main                   0x0801ca55          Code  Gb  cmain.o [4]
ADC1_2_IRQHandler       0x0801cb11          Code  Wk  startup_stm32f10x_cl.o [1]
ADCPrescTable           0x20000010     0x4  Data  Lc  stm32f10x_rcc.o [1]
APBAHBPrescTable        0x20000000    0x10  Data  Lc  stm32f10x_rcc.o [1]
ARPTimer                0x2000de64     0x4  Data  Gb  netconf.o [1]
AddCanSendData2Queue    0x08012cf5    0x3e  Code  Gb  can_bus.o [1]
AddModuleStatusData2Queue
                        0x08010379    0x42  Code  Gb  logic_ctrl.o [1]
AddSendMsgToQueue       0x08013eb1    0x12  Code  Gb  fun.o [1]
AddUartSendData2Queue   0x080101eb    0xf2  Code  Gb  logic_ctrl.o [1]
AddUarttmpData2Queue    0x08010165    0x3c  Code  Gb  logic_ctrl.o [1]
Block_Check_Ctrl_Handle
                        0x08011ab9   0x114  Code  Gb  logic_ctrl.o [1]
BusFault_Handler        0x0801c963     0x2  Code  Gb  stm32f10x_it.o [1]
CAN1_RX0_IRQHandler     0x0801c9bf    0x2c  Code  Gb  stm32f10x_it.o [1]
CAN1_RX1_IRQHandler     0x0801cb1d          Code  Wk  startup_stm32f10x_cl.o [1]
CAN1_SCE_IRQHandler     0x0801cb21          Code  Wk  startup_stm32f10x_cl.o [1]
CAN1_TX_IRQHandler      0x0801cb15          Code  Wk  startup_stm32f10x_cl.o [1]
CAN2_RX0_IRQHandler     0x0801cbad          Code  Wk  startup_stm32f10x_cl.o [1]
CAN2_RX1_IRQHandler     0x0801cbb1          Code  Wk  startup_stm32f10x_cl.o [1]
CAN2_SCE_IRQHandler     0x0801cbb5          Code  Wk  startup_stm32f10x_cl.o [1]
CAN2_TX_IRQHandler      0x0801cba9          Code  Wk  startup_stm32f10x_cl.o [1]
CAN_ClearITPendingBit   0x08013d85    0x98  Code  Gb  stm32f10x_can.o [1]
CAN_Configuration       0x0801b745    0xaa  Code  Gb  stm32f107.o [1]
CAN_DeInit              0x080138d9    0x36  Code  Gb  stm32f10x_can.o [1]
CAN_FIFORelease         0x08013c91    0x12  Code  Gb  stm32f10x_can.o [1]
CAN_FilterInit          0x08013a27    0xe2  Code  Gb  stm32f10x_can.o [1]
CAN_ITConfig            0x08013b55    0x16  Code  Gb  stm32f10x_can.o [1]
CAN_Init                0x0801390f   0x118  Code  Gb  stm32f10x_can.o [1]
CAN_Receive             0x08013ca3    0xe2  Code  Gb  stm32f10x_can.o [1]
CAN_StructInit          0x08013b09    0x2e  Code  Gb  stm32f10x_can.o [1]
CAN_Transmit            0x08013b6b   0x126  Code  Gb  stm32f10x_can.o [1]
CRCHi                   0x0801a320   0x100  Data  Gb  modbus_rtu.o [1]
CRCLo                   0x0801a420   0x100  Data  Gb  modbus_rtu.o [1]
CRC_sub                 0x08019791    0x6c  Code  Gb  modbus_rtu.o [1]
CSTACK$$Base            0x2000df00           --   Gb  - Linker created -
CSTACK$$Limit           0x2000ef00           --   Gb  - Linker created -
DMA1_Channel1_IRQHandler
                        0x0801caf5          Code  Wk  startup_stm32f10x_cl.o [1]
DMA1_Channel2_IRQHandler
                        0x0801caf9          Code  Wk  startup_stm32f10x_cl.o [1]
DMA1_Channel3_IRQHandler
                        0x0801cafd          Code  Wk  startup_stm32f10x_cl.o [1]
DMA1_Channel4_IRQHandler
                        0x0801cb01          Code  Wk  startup_stm32f10x_cl.o [1]
DMA1_Channel5_IRQHandler
                        0x0801cb05          Code  Wk  startup_stm32f10x_cl.o [1]
DMA1_Channel6_IRQHandler
                        0x0801cb09          Code  Wk  startup_stm32f10x_cl.o [1]
DMA1_Channel7_IRQHandler
                        0x0801cb0d          Code  Wk  startup_stm32f10x_cl.o [1]
DMA2_Channel1_IRQHandler
                        0x0801cb8d          Code  Wk  startup_stm32f10x_cl.o [1]
DMA2_Channel2_IRQHandler
                        0x0801cb91          Code  Wk  startup_stm32f10x_cl.o [1]
DMA2_Channel3_IRQHandler
                        0x0801cb95          Code  Wk  startup_stm32f10x_cl.o [1]
DMA2_Channel4_IRQHandler
                        0x0801cb99          Code  Wk  startup_stm32f10x_cl.o [1]
DMA2_Channel5_IRQHandler
                        0x0801cb9d          Code  Wk  startup_stm32f10x_cl.o [1]
DMARxDescToGet          0x2000de78     0x4  Data  Gb  stm32_eth.o [1]
DMARxDscrTab            0x2000db38    0x40  Data  Gb  ethernetif.o [1]
DMATxDescToSet          0x2000de74     0x4  Data  Gb  stm32_eth.o [1]
DMATxDscrTab            0x2000dc5c    0x20  Data  Gb  ethernetif.o [1]
DebugMon_Handler        0x0801c969     0x2  Code  Gb  stm32f10x_it.o [1]
ETH_DMAITConfig         0x0801af59    0x26  Code  Gb  stm32_eth.o [1]
ETH_DMAReceptionCmd     0x0801af2d    0x22  Code  Gb  stm32_eth.o [1]
ETH_DMARxDescChainInit  0x0801ae55    0x4e  Code  Gb  stm32_eth.o [1]
ETH_DMARxDescReceiveITConfig
                        0x0801aeab    0x1a  Code  Gb  stm32_eth.o [1]
ETH_DMATransmissionCmd  0x0801aeff    0x22  Code  Gb  stm32_eth.o [1]
ETH_DMATxDescChainInit  0x0801ae05    0x48  Code  Gb  stm32_eth.o [1]
ETH_DMATxDescChecksumInsertionConfig
                        0x0801ae4d     0x8  Code  Gb  stm32_eth.o [1]
ETH_DeInit              0x0801a8b1    0x18  Code  Gb  stm32_eth.o [1]
ETH_Delay               0x0801afd9    0x1e  Code  Lc  stm32_eth.o [1]
ETH_FlushTransmitFIFO   0x0801aef1     0xe  Code  Gb  stm32_eth.o [1]
ETH_GetCurrentTxBuffer  0x0801c923     0x8  Code  Gb  ethernetif.o [1]
ETH_GetDMARxDescFrameLength
                        0x0801aea3     0x8  Code  Gb  stm32_eth.o [1]
ETH_GetRxPktSize        0x0801ac73    0x2a  Code  Gb  stm32_eth.o [1]
ETH_GetSoftwareResetStatus
                        0x0801aed7    0x1a  Code  Gb  stm32_eth.o [1]
ETH_IRQHandler          0x0801cba1          Code  Wk  startup_stm32f10x_cl.o [1]
ETH_Init                0x0801a8c9   0x2a0  Code  Gb  stm32_eth.o [1]
ETH_MACAddressConfig    0x0801add3    0x32  Code  Gb  stm32_eth.o [1]
ETH_MACReceptionCmd     0x0801ada9    0x2a  Code  Gb  stm32_eth.o [1]
ETH_MACTransmissionCmd  0x0801ad7f    0x2a  Code  Gb  stm32_eth.o [1]
ETH_ReadPHYRegister     0x0801ac9d    0x70  Code  Gb  stm32_eth.o [1]
ETH_RxPkt_ChainMode     0x0801c839    0x8c  Code  Gb  ethernetif.o [1]
ETH_SoftwareReset       0x0801aec5    0x12  Code  Gb  stm32_eth.o [1]
ETH_Start               0x0801ac53    0x20  Code  Gb  stm32_eth.o [1]
ETH_StructInit          0x0801ab69    0xea  Code  Gb  stm32_eth.o [1]
ETH_TxPkt_ChainMode     0x0801c8c5    0x5e  Code  Gb  ethernetif.o [1]
ETH_WKUP_IRQHandler     0x0801cba5          Code  Wk  startup_stm32f10x_cl.o [1]
ETH_WritePHYRegister    0x0801ad0d    0x72  Code  Gb  stm32_eth.o [1]
EXTI0_IRQHandler        0x0801cae1          Code  Wk  startup_stm32f10x_cl.o [1]
EXTI15_10_IRQHandler    0x0801cb69          Code  Wk  startup_stm32f10x_cl.o [1]
EXTI1_IRQHandler        0x0801cae5          Code  Wk  startup_stm32f10x_cl.o [1]
EXTI2_IRQHandler        0x0801cae9          Code  Wk  startup_stm32f10x_cl.o [1]
EXTI3_IRQHandler        0x0801caed          Code  Wk  startup_stm32f10x_cl.o [1]
EXTI4_IRQHandler        0x0801caf1          Code  Wk  startup_stm32f10x_cl.o [1]
EXTI9_5_IRQHandler      0x0801cb25          Code  Wk  startup_stm32f10x_cl.o [1]
Encoder_Init            0x0801b7ef    0x96  Code  Gb  stm32f107.o [1]
EthInitStatus           0x2000de7c     0x4  Data  Gb  stm32f107.o [1]
Ethernet_Configuration  0x0801b8e7    0x9e  Code  Gb  stm32f107.o [1]
FLASH_ClearFlag         0x0801381f     0x8  Code  Gb  stm32f10x_flash.o [1]
FLASH_ErasePage         0x0801376d    0x64  Code  Gb  stm32f10x_flash.o [1]
FLASH_GetStatus         0x08013827    0x34  Code  Gb  stm32f10x_flash.o [1]
FLASH_IRQHandler        0x0801cad9          Code  Wk  startup_stm32f10x_cl.o [1]
FLASH_Lock              0x0801375b    0x12  Code  Gb  stm32f10x_flash.o [1]
FLASH_ProgramHalfWord   0x080137d1    0x4e  Code  Gb  stm32f10x_flash.o [1]
FLASH_Unlock            0x08013745    0x16  Code  Gb  stm32f10x_flash.o [1]
FLASH_WaitForLastOperation
                        0x08013875    0x32  Code  Gb  stm32f10x_flash.o [1]
GPIO_Configuration      0x0801b985   0x2a6  Code  Gb  stm32f107.o [1]
GPIO_ETH_MediaInterfaceConfig
                        0x08012cb1     0x6  Code  Gb  stm32f10x_gpio.o [1]
GPIO_Init               0x08012ab5   0x138  Code  Gb  stm32f10x_gpio.o [1]
GPIO_PinRemapConfig     0x08012c3f    0x72  Code  Gb  stm32f10x_gpio.o [1]
GPIO_ReadInputDataBit   0x08012bed    0x1a  Code  Gb  stm32f10x_gpio.o [1]
GPIO_ReadOutputDataBit  0x08012c07    0x1a  Code  Gb  stm32f10x_gpio.o [1]
GPIO_ResetBits          0x08012c27     0x6  Code  Gb  stm32f10x_gpio.o [1]
GPIO_SetBits            0x08012c21     0x6  Code  Gb  stm32f10x_gpio.o [1]
GPIO_WriteBit           0x08012c2d    0x12  Code  Gb  stm32f10x_gpio.o [1]
GetModuleStatusDataFromQueue
                        0x080103bb    0x2a  Code  Gb  logic_ctrl.o [1]
GetSendMsgFromQueue     0x08013ec3     0xc  Code  Gb  fun.o [1]
GetUartSendDataFromQueue
                        0x080101a1    0x2a  Code  Gb  logic_ctrl.o [1]
HardFault_Handler       0x0801c95f     0x2  Code  Gb  stm32f10x_it.o [1]
I2C1_ER_IRQHandler      0x0801cb49          Code  Wk  startup_stm32f10x_cl.o [1]
I2C1_EV_IRQHandler      0x0801cb45          Code  Wk  startup_stm32f10x_cl.o [1]
I2C2_ER_IRQHandler      0x0801cb51          Code  Wk  startup_stm32f10x_cl.o [1]
I2C2_EV_IRQHandler      0x0801cb4d          Code  Wk  startup_stm32f10x_cl.o [1]
InitCanSendQueue        0x08012cdd    0x18  Code  Gb  can_bus.o [1]
InitModuleStatusQueue   0x08010365    0x14  Code  Gb  logic_ctrl.o [1]
InitSendMsgQueue        0x08013ea3     0xe  Code  Gb  fun.o [1]
InitUartSendQueue       0x08010151    0x14  Code  Gb  logic_ctrl.o [1]
InputScanProc           0x08010415   0xdde  Code  Gb  logic_ctrl.o [1]
IsModuleStatusQueueFree
                        0x080103e5    0x12  Code  Gb  logic_ctrl.o [1]
Linkage_Stop_Photo_Ctrl_Handle
                        0x08011717   0x198  Code  Gb  logic_ctrl.o [1]
Linkage_Stream_Ctrl_Handle
                        0x080119c1    0xee  Code  Gb  logic_ctrl.o [1]
Linkage_stream_extra_signal
                        0x080118b9   0x100  Code  Gb  logic_ctrl.o [1]
Linkage_stream_extrasignal_process
                        0x08011bd1   0x140  Code  Gb  logic_ctrl.o [1]
LocalTime               0x2000de50     0x4  Data  Gb  main.o [1]
LwIP_Init               0x0801bce9    0x84  Code  Gb  netconf.o [1]
LwIP_Periodic_Handle    0x0801bd77    0x34  Code  Gb  netconf.o [1]
LwIP_Pkt_Handle         0x0801bd6d     0xa  Code  Gb  netconf.o [1]
MACaddr                 0x2000de34     0x8  Data  Gb  ethernetif.o [1]
MemManage_Handler       0x0801c961     0x2  Code  Gb  stm32f10x_it.o [1]
Modbus_RTU_Comm_Process
                        0x0801a521   0x186  Code  Gb  modbus_rtu.o [1]
Modbus_RTU_Read_Reg_Cmd
                        0x080199bd    0x60  Code  Gb  modbus_rtu.o [1]
Modbus_RTU_Write_Multi_Reg_Cmd
                        0x080198dd    0xe0  Code  Gb  modbus_rtu.o [1]
NMI_Handler             0x0801c95d     0x2  Code  Gb  stm32f10x_it.o [1]
NVIC_Configuration      0x0801bc75    0x72  Code  Gb  stm32f107.o [1]
NVIC_Init               0x0801c5cb    0x68  Code  Gb  misc.o [1]
NVIC_PriorityGroupConfig
                        0x0801c5c1     0xa  Code  Gb  misc.o [1]
NVIC_SetPriority        0x0801b699    0x26  Code  Lc  stm32f107.o [1]
NVIC_SetVectorTable     0x0801c633     0xc  Code  Gb  misc.o [1]
NVIC_SystemReset        0x08012cc1    0x1c  Code  Lc  can_bus.o [1]
NVIC_SystemReset        0x08013e1d    0x1c  Code  Lc  fun.o [1]
OTG_FS_IRQHandler       0x0801cbb9          Code  Wk  startup_stm32f10x_cl.o [1]
OTG_FS_WKUP_IRQHandler  0x0801cb71          Code  Wk  startup_stm32f10x_cl.o [1]
PVD_IRQHandler          0x0801cacd          Code  Wk  startup_stm32f10x_cl.o [1]
PWR_BackupAccessCmd     0x0801c5b5     0x8  Code  Gb  stm32f10x_pwr.o [1]
PendSV_Handler          0x0801c96b     0x2  Code  Gb  stm32f10x_it.o [1]
RCC_AHBPeriphClockCmd   0x0801449d    0x1e  Code  Gb  stm32f10x_rcc.o [1]
RCC_AHBPeriphResetCmd   0x080144f7    0x1e  Code  Gb  stm32f10x_rcc.o [1]
RCC_APB1PeriphClockCmd  0x080144d9    0x1e  Code  Gb  stm32f10x_rcc.o [1]
RCC_APB1PeriphResetCmd  0x08014515    0x1e  Code  Gb  stm32f10x_rcc.o [1]
RCC_APB2PeriphClockCmd  0x080144bb    0x1e  Code  Gb  stm32f10x_rcc.o [1]
RCC_GetClocksFreq       0x080142fd   0x1a0  Code  Gb  stm32f10x_rcc.o [1]
RCC_IRQHandler          0x0801cadd          Code  Wk  startup_stm32f10x_cl.o [1]
RCC_MCOConfig           0x08014533     0x6  Code  Gb  stm32f10x_rcc.o [1]
RTCAlarm_IRQHandler     0x0801cb6d          Code  Wk  startup_stm32f10x_cl.o [1]
RTC_IRQHandler          0x0801cad5          Code  Wk  startup_stm32f10x_cl.o [1]
Region$$Table$$Base     0x0801ca30           --   Gb  - Linker created -
Region$$Table$$Limit    0x0801ca54           --   Gb  - Linker created -
Reset_Ctrl_Handle       0x08011d15    0x9e  Code  Gb  logic_ctrl.o [1]
Reset_Start_Inverter_Handle
                        0x08011db9    0xee  Code  Gb  logic_ctrl.o [1]
Rx_Buff                 0x200096c4  0x17c0  Data  Gb  ethernetif.o [1]
SPI1_IRQHandler         0x0801cb55          Code  Wk  startup_stm32f10x_cl.o [1]
SPI2_IRQHandler         0x0801cb59          Code  Wk  startup_stm32f10x_cl.o [1]
SPI3_IRQHandler         0x0801cb79          Code  Wk  startup_stm32f10x_cl.o [1]
SVC_Handler             0x0801c967     0x2  Code  Gb  stm32f10x_it.o [1]
SetSysClock             0x0801c477     0x8  Code  Lc  system_stm32f10x.o [1]
SetSysClockTo72         0x0801c47f   0x110  Code  Lc  system_stm32f10x.o [1]
Set_MAC_Address         0x0801c65d    0x32  Code  Gb  ethernetif.o [1]
Speed_Ctrl_Process      0x08011219   0x2e8  Code  Gb  logic_ctrl.o [1]
SysTick_Config          0x0801b6bf    0x38  Code  Lc  stm32f107.o [1]
SysTick_Handler         0x0801c96d     0x8  Code  Gb  stm32f10x_it.o [1]
SystemInit              0x0801c419    0x5e  Code  Gb  system_stm32f10x.o [1]
System_Setup            0x0801b885    0x62  Code  Gb  stm32f107.o [1]
TAMPER_IRQHandler       0x0801cad1          Code  Wk  startup_stm32f10x_cl.o [1]
TCPTimer                0x2000de60     0x4  Data  Gb  netconf.o [1]
TI1_Config              0x0801c319    0x38  Code  Lc  stm32f10x_tim.o [1]
TI2_Config              0x0801c351    0x42  Code  Lc  stm32f10x_tim.o [1]
TI3_Config              0x0801c393    0x42  Code  Lc  stm32f10x_tim.o [1]
TI4_Config              0x0801c3d5    0x42  Code  Lc  stm32f10x_tim.o [1]
TIM1_BRK_IRQHandler     0x0801cb29          Code  Wk  startup_stm32f10x_cl.o [1]
TIM1_CC_IRQHandler      0x0801cb35          Code  Wk  startup_stm32f10x_cl.o [1]
TIM1_TRG_COM_IRQHandler
                        0x0801cb31          Code  Wk  startup_stm32f10x_cl.o [1]
TIM1_UP_IRQHandler      0x0801cb2d          Code  Wk  startup_stm32f10x_cl.o [1]
TIM2_IRQHandler         0x0801cb39          Code  Wk  startup_stm32f10x_cl.o [1]
TIM3_IRQHandler         0x0801cb3d          Code  Wk  startup_stm32f10x_cl.o [1]
TIM4_IRQHandler         0x0801cb41          Code  Wk  startup_stm32f10x_cl.o [1]
TIM5_IRQHandler         0x0801cb75          Code  Wk  startup_stm32f10x_cl.o [1]
TIM6_IRQHandler         0x0801cb85          Code  Wk  startup_stm32f10x_cl.o [1]
TIM7_IRQHandler         0x0801cb89          Code  Wk  startup_stm32f10x_cl.o [1]
TIM_Cmd                 0x0801c26f    0x1c  Code  Gb  stm32f10x_tim.o [1]
TIM_EncoderInterfaceConfig
                        0x0801c28b    0x3e  Code  Gb  stm32f10x_tim.o [1]
TIM_ICInit              0x0801c1e9    0x70  Code  Gb  stm32f10x_tim.o [1]
TIM_ICStructInit        0x0801c259    0x16  Code  Gb  stm32f10x_tim.o [1]
TIM_SetCounter          0x0801c2c9     0x4  Code  Gb  stm32f10x_tim.o [1]
TIM_SetIC1Prescaler     0x0801c2cd    0x12  Code  Gb  stm32f10x_tim.o [1]
TIM_SetIC2Prescaler     0x0801c2df    0x14  Code  Gb  stm32f10x_tim.o [1]
TIM_SetIC3Prescaler     0x0801c2f3    0x12  Code  Gb  stm32f10x_tim.o [1]
TIM_SetIC4Prescaler     0x0801c305    0x14  Code  Gb  stm32f10x_tim.o [1]
TIM_TimeBaseInit        0x0801c1a9    0x36  Code  Gb  stm32f10x_tim.o [1]
Time_Update             0x0801b2c7   0x130  Code  Gb  main.o [1]
Tx_Buff                 0x2000ae84   0xbe0  Data  Gb  ethernetif.o [1]
UART4_IRQHandler        0x0801cb7d          Code  Wk  startup_stm32f10x_cl.o [1]
UART5_IRQHandler        0x0801cb81          Code  Wk  startup_stm32f10x_cl.o [1]
USART1_IRQHandler       0x0801c975    0x4a  Code  Gb  stm32f10x_it.o [1]
USART2_IRQHandler       0x0801cb61          Code  Wk  startup_stm32f10x_cl.o [1]
USART3_IRQHandler       0x0801cb65          Code  Wk  startup_stm32f10x_cl.o [1]
USART_ClearFlag         0x0801a837     0xc  Code  Gb  stm32f10x_usart.o [1]
USART_Cmd               0x0801a795    0x1c  Code  Gb  stm32f10x_usart.o [1]
USART_Configuration     0x0801b6f7    0x4e  Code  Gb  stm32f107.o [1]
USART_GetFlagStatus     0x0801a817    0x20  Code  Gb  stm32f10x_usart.o [1]
USART_GetITStatus       0x0801a843    0x6e  Code  Gb  stm32f10x_usart.o [1]
USART_ITConfig          0x0801a7b1    0x56  Code  Gb  stm32f10x_usart.o [1]
USART_Init              0x0801a6e5    0xac  Code  Gb  stm32f10x_usart.o [1]
USART_ReceiveData       0x0801a80f     0x8  Code  Gb  stm32f10x_usart.o [1]
USART_SendData          0x0801a807     0x8  Code  Gb  stm32f10x_usart.o [1]
UsageFault_Handler      0x0801c965     0x2  Code  Gb  stm32f10x_it.o [1]
WWDG_IRQHandler         0x0801cac9          Code  Wk  startup_stm32f10x_cl.o [1]
__aeabi_memcpy          0x08012a45          Code  Gb  ABImemcpy.o [4]
__aeabi_memcpy4         0x08012a5f          Code  Gb  ABImemcpy.o [4]
__aeabi_memcpy8         0x08012a5f          Code  Gb  ABImemcpy.o [4]
__aeabi_memset          0x08017c41          Code  Gb  ABImemset.o [4]
__cmain                 0x0801ca55          Code  Gb  cmain.o [4]
__exit                  0x0801ca85    0x14  Code  Gb  exit.o [5]
__iar_Memset            0x08017c41          Code  Gb  ABImemset.o [4]
__iar_Memset_word       0x08017c49          Code  Gb  ABImemset.o [4]
__iar_copy_init3        0x08015fdb    0x2e  Code  Gb  copy_init3.o [4]
__iar_data_init3        0x0801ca05    0x2c  Code  Gb  data_init3.o [4]
__iar_program_start     0x0801ca99          Code  Gb  cstartup_M.o [4]
__iar_zero_init3        0x0801749b    0x22  Code  Gb  zero_init3.o [4]
__low_level_init        0x0801ca6b     0x4  Code  Gb  low_level_init.o [3]
__vector_table          0x08010000          Data  Gb  startup_stm32f10x_cl.o [1]
_call_main              0x0801ca61          Code  Gb  cmain.o [4]
_exit                   0x0801ca79          Code  Gb  cexit.o [4]
_main                   0x0801ca67          Code  Gb  cmain.o [4]
ackno                   0x2000dea4     0x4  Data  Lc  tcp_in.o [1]
arp_table               0x2000d944    0xc8  Data  Lc  etharp.o [1]
bCombinerInInfo         0x2000dd80    0x14  Data  Gb  logic_ctrl.o [1]
bDownStockInfo          0x2000dd6c    0x14  Data  Gb  logic_ctrl.o [1]
bEmergencyInfo          0x2000dd30    0x14  Data  Gb  logic_ctrl.o [1]
bEmergencyResetInfo     0x2000dd44    0x14  Data  Gb  logic_ctrl.o [1]
bPhoto1Info             0x2000dc7c    0x14  Data  Gb  logic_ctrl.o [1]
bPhoto2Info             0x2000dc90    0x14  Data  Gb  logic_ctrl.o [1]
bPhoto3Info             0x2000dca4    0x14  Data  Gb  logic_ctrl.o [1]
bPhoto4Info             0x2000dcb8    0x14  Data  Gb  logic_ctrl.o [1]
bPhoto5Info             0x2000dccc    0x14  Data  Gb  logic_ctrl.o [1]
bResetInfo              0x2000dce0    0x14  Data  Gb  logic_ctrl.o [1]
bStartInfo              0x2000dcf4    0x14  Data  Gb  logic_ctrl.o [1]
bStopInfo               0x2000dd08    0x14  Data  Gb  logic_ctrl.o [1]
bStreamInfo             0x2000dd1c    0x14  Data  Gb  logic_ctrl.o [1]
bSwitchInInfo           0x2000dd94    0x14  Data  Gb  logic_ctrl.o [1]
bUpStockInfo            0x2000dd58    0x14  Data  Gb  logic_ctrl.o [1]
block_check_time_cnt    0x2000dc10    0x28  Data  Gb  logic_ctrl.o [1]
buf                     0x2000c284   0x5e0  Data  Lc  ip_frag.o [1]
canSendQueue            0x2000ddf8     0xc  Data  Gb  can_bus.o [1]
canSendQueueBuff        0x2000cb34   0x2bc  Data  Gb  can_bus.o [1]
can_bus_frame_receive   0x08013091   0x2e8  Code  Gb  can_bus.o [1]
can_bus_reply_read_user_paras
                        0x0801348f    0x44  Code  Gb  can_bus.o [1]
can_bus_reply_write_user_paras
                        0x08013517    0x44  Code  Gb  can_bus.o [1]
can_bus_send_func_emergency_cmd
                        0x080135cb    0x28  Code  Gb  can_bus.o [1]
can_bus_send_func_upStreamStop_cmd
                        0x080135f3    0x28  Code  Gb  can_bus.o [1]
can_bus_send_module_status
                        0x0801355b    0x70  Code  Gb  can_bus.o [1]
can_bus_send_msg        0x08013379    0xe0  Code  Gb  can_bus.o [1]
can_bus_send_one_frame  0x08012d33    0x68  Code  Gb  can_bus.o [1]
can_bus_send_read_user_paras
                        0x08013459    0x36  Code  Gb  can_bus.o [1]
can_bus_send_write_user_paras
                        0x080134d3    0x44  Code  Gb  can_bus.o [1]
can_recv_buff           0x2000d448   0x190  Data  Gb  can_bus.o [1]
can_recv_len            0x2000deb6     0x2  Data  Gb  can_bus.o [1]
can_send_buff           0x2000d2b8   0x190  Data  Gb  can_bus.o [1]
can_send_frame_process  0x0801361b    0x4e  Code  Gb  can_bus.o [1]
can_send_len            0x2000deb4     0x2  Data  Gb  can_bus.o [1]
comm_busy_flag          0x2000dee5     0x1  Data  Gb  logic_ctrl.o [1]
comm_node               0x2000de28     0xc  Data  Gb  logic_ctrl.o [1]
comm_recv_rw_comand     0x08019eed   0x410  Code  Gb  modbus_rtu.o [1]
comm_send_rw_comand     0x08019a1d   0x4d0  Code  Gb  modbus_rtu.o [1]
creat_udp_connect_process
                        0x0801bdcd    0x96  Code  Gb  udpclient.o [1]
current_header          0x2000de48     0x4  Data  Lc  ip.o [1]
current_netif           0x2000de44     0x4  Data  Lc  ip.o [1]
delay                   0x080138a7    0x1c  Code  Lc  stm32f10x_flash.o [1]
enQueue                 0x08013e49    0x32  Code  Gb  fun.o [1]
etharp_arp_input        0x080190c3   0x180  Code  Gb  etharp.o [1]
etharp_cached_entry     0x2000dee4     0x1  Data  Lc  etharp.o [1]
etharp_ip_input         0x08019093    0x30  Code  Gb  etharp.o [1]
etharp_output           0x08019243    0xce  Code  Gb  etharp.o [1]
etharp_query            0x08019311   0x1f0  Code  Gb  etharp.o [1]
etharp_raw              0x0801950d   0x106  Code  Lc  etharp.o [1]
etharp_request          0x08019613    0x2e  Code  Gb  etharp.o [1]
etharp_send_ip          0x08018eff    0x64  Code  Lc  etharp.o [1]
etharp_tmr              0x08018bad    0xbc  Code  Gb  etharp.o [1]
ethbroadcast            0x080196a8     0x8  Data  Gb  etharp.o [1]
ethernet_input          0x08019641    0x68  Code  Gb  etharp.o [1]
ethernetif_init         0x0801c7fb    0x3e  Code  Gb  ethernetif.o [1]
ethernetif_input        0x0801c7c5    0x36  Code  Gb  ethernetif.o [1]
ethzero                 0x080196b0     0x8  Data  Gb  etharp.o [1]
exit                    0x0801ca6f     0x8  Code  Gb  exit.o [3]
extralAllow             0x20000018     0x2  Data  Gb  logic_ctrl.o [1]
find_entry              0x08018c69   0x296  Code  Lc  etharp.o [1]
flags                   0x2000def7     0x1  Data  Lc  tcp_in.o [1]
free_etharp_q           0x08018b85    0x28  Code  Lc  etharp.o [1]
freq_check_cnt          0x2000dede     0x2  Data  Gb  modbus_rtu.o [1]
g_SegBytes              0x2000deb8     0x2  Data  Gb  can_bus.o [1]
g_SegNum                0x2000dee3     0x1  Data  Gb  can_bus.o [1]
g_SegPolo               0x2000dee2     0x1  Data  Gb  can_bus.o [1]
g_block_disable_flag    0x2000deea     0x1  Data  Gb  logic_ctrl.o [1]
g_emergency_stop        0x2000deed     0x1  Data  Gb  logic_ctrl.o [1]
g_link_down_phototrig_status
                        0x2000deeb     0x1  Data  Gb  logic_ctrl.o [1]
g_link_down_stream_status
                        0x2000dee8     0x1  Data  Gb  logic_ctrl.o [1]
g_link_up_stream_status
                        0x2000dee7     0x1  Data  Gb  logic_ctrl.o [1]
g_speed_gear_status     0x2000dee9     0x1  Data  Gb  logic_ctrl.o [1]
g_speed_set_sta         0x2000def4     0x1  Data  Gb  modbus_rtu.o [1]
get_CRC                 0x080197fd    0x18  Code  Gb  modbus_rtu.o [1]
get_inverter_fault_status
                        0x080116f1    0x26  Code  Gb  logic_ctrl.o [1]
get_ip_para_process     0x0801c133    0x64  Code  Gb  udpclient.o [1]
get_photo_input_status  0x08011509    0xf0  Code  Gb  logic_ctrl.o [1]
half_sec_flag           0x2000ded0     0x2  Data  Gb  main.o [1]
half_sec_reg            0x2000001e     0x2  Data  Gb  main.o [1]
heart_dely              0x2000deee     0x1  Data  Gb  main.o [1]
htonl                   0x080159a3    0x18  Code  Gb  inet.o [1]
htons                   0x08015989     0xc  Code  Gb  inet.o [1]
icmp_dest_unreach       0x08018ae1    0x14  Code  Gb  icmp.o [1]
icmp_input              0x08018951   0x190  Code  Gb  icmp.o [1]
icmp_send_response      0x08018b09    0x7a  Code  Lc  icmp.o [1]
icmp_time_exceeded      0x08018af5    0x14  Code  Gb  icmp.o [1]
inet_chksum             0x0801971d    0x16  Code  Gb  inet_chksum.o [1]
inet_chksum_pbuf        0x08019733    0x5c  Code  Gb  inet_chksum.o [1]
initQueue               0x08013e39    0x10  Code  Gb  fun.o [1]
inseg                   0x2000dde4    0x14  Data  Lc  tcp_in.o [1]
inverter_status_buffer  0x2000dad4    0x64  Data  Gb  logic_ctrl.o [1]
ip_addr_any             0x0801605c     0x4  Data  Gb  ip_addr.o [1]
ip_addr_isbroadcast     0x08016009    0x54  Code  Gb  ip_addr.o [1]
ip_frag                 0x08018309   0x17a  Code  Gb  ip_frag.o [1]
ip_input                0x08017903   0x1b4  Code  Gb  ip.o [1]
ip_output               0x08017bfd    0x44  Code  Gb  ip.o [1]
ip_output_if            0x08017ab7   0x132  Code  Gb  ip.o [1]
ip_reass                0x08018149   0x1c0  Code  Gb  ip_frag.o [1]
ip_reass_chain_frag_into_datagram_and_validate
                        0x08017fc1   0x188  Code  Lc  ip_frag.o [1]
ip_reass_dequeue_datagram
                        0x08017f97    0x2a  Code  Lc  ip_frag.o [1]
ip_reass_enqueue_new_datagram
                        0x08017f3d    0x5a  Code  Lc  ip_frag.o [1]
ip_reass_free_complete_datagram
                        0x08017e19    0x9a  Code  Lc  ip_frag.o [1]
ip_reass_pbufcount      0x2000debc     0x2  Data  Lc  ip_frag.o [1]
ip_reass_remove_oldest_datagram
                        0x08017eb3    0x8a  Code  Lc  ip_frag.o [1]
ip_route                0x080178b5    0x4e  Code  Gb  ip.o [1]
iphdr                   0x2000de9c     0x4  Data  Lc  tcp_in.o [1]
isHost                  0x2000def0     0x1  Data  Gb  main.o [1]
lfree                   0x2000de5c     0x4  Data  Lc  mem.o [1]
local_station           0x2000deef     0x1  Data  Gb  main.o [1]
logicInsertProcessOne   0x08012295   0x758  Code  Gb  logic_ctrl.o [1]
logicStockInsertProcess
                        0x080129ed     0xe  Code  Gb  logic_ctrl.o [1]
logicStockgetCurPhotoState
                        0x08012165    0xce  Code  Gb  logic_ctrl.o [1]
logic_cycle_decrease    0x080102dd    0x88  Code  Gb  logic_ctrl.o [1]
logic_getDownStreamPhotoTrigStatus
                        0x080115fd    0xe8  Code  Gb  logic_ctrl.o [1]
logic_uarttmp_init      0x080101cb    0x20  Code  Gb  logic_ctrl.o [1]
logic_upload_lastRunStatus
                        0x2000ddbc    0x14  Data  Gb  logic_ctrl.o [1]
logic_upload_stopStatus
                        0x2000dda8    0x14  Data  Gb  logic_ctrl.o [1]
logic_upstream_io_allow_output
                        0x08011f99   0x1bc  Code  Gb  logic_ctrl.o [1]
low_level_init          0x0801c68f    0x92  Code  Lc  ethernetif.o [1]
low_level_input         0x0801c759    0x6c  Code  Lc  ethernetif.o [1]
low_level_output        0x0801c721    0x38  Code  Lc  ethernetif.o [1]
lwip_standard_chksum    0x080196b9    0x64  Code  Lc  inet_chksum.o [1]
mac_addr                0x2000de3c     0x8  Data  Gb  main.o [1]
main                    0x0801b23b    0x8c  Code  Gb  main.o [1]
main_msone_process      0x0801b5a7    0x70  Code  Gb  main.o [1]
main_upload_run_state   0x0801b3f7   0x1b0  Code  Gb  main.o [1]
mem_free                0x080175b7    0x52  Code  Gb  mem.o [1]
mem_init                0x08017561    0x56  Code  Gb  mem.o [1]
mem_malloc              0x0801775d   0x12a  Code  Gb  mem.o [1]
mem_realloc             0x08017609   0x154  Code  Gb  mem.o [1]
mem_sem                 0x2000def2     0x1  Data  Lc  mem.o [1]
memcpy                  0x080138c3    0x16  Code  Gb  tcp_out.o [1]
memp_free               0x080169c7    0x2a  Code  Gb  memp.o [1]
memp_init               0x08016929    0x6a  Code  Gb  memp.o [1]
memp_malloc             0x08016993    0x34  Code  Gb  memp.o [1]
memp_memory             0x20005038  0x468c  Data  Lc  memp.o [1]
memp_num                0x08016a0c    0x14  Data  Lc  memp.o [1]
memp_sizes              0x080169f8    0x14  Data  Lc  memp.o [1]
memp_tab                0x2000dc38    0x24  Data  Lc  memp.o [1]
memset                  0x0801789d    0x16  Code  Gb  udp.o [1]
moduleStatusBuff        0x2000ba64   0x820  Data  Gb  logic_ctrl.o [1]
moduleStatusQueue       0x2000de10     0xc  Data  Gb  logic_ctrl.o [1]
module_status_recv_process
                        0x08012e21   0x118  Code  Gb  can_bus.o [1]
modulestate_index       0x20000022     0x2  Data  Gb  main.o [1]
modulestate_readcnt     0x2000ded4     0x2  Data  Gb  main.o [1]
msgQueueBuff            0x2000da0c    0xc8  Data  Gb  fun.o [1]
msgSendQueue            0x2000de04     0xc  Data  Gb  fun.o [1]
msone_flag              0x2000def1     0x1  Data  Gb  main.o [1]
netif                   0x2000dbe0    0x30  Data  Gb  netconf.o [1]
netif_add               0x08017ca9    0x6c  Code  Gb  netif.o [1]
netif_default           0x2000de6c     0x4  Data  Gb  netif.o [1]
netif_is_up             0x08017e0f     0xa  Code  Gb  netif.o [1]
netif_list              0x2000de68     0x4  Data  Gb  netif.o [1]
netif_set_addr          0x08017d15    0x24  Code  Gb  netif.o [1]
netif_set_default       0x08017dc7     0x6  Code  Gb  netif.o [1]
netif_set_gw            0x08017dab     0xe  Code  Gb  netif.o [1]
netif_set_ipaddr        0x08017d39    0x72  Code  Gb  netif.o [1]
netif_set_netmask       0x08017db9     0xe  Code  Gb  netif.o [1]
netif_set_up            0x08017de5    0x2a  Code  Gb  netif.o [1]
ntohl                   0x080159bb     0xc  Code  Gb  inet.o [1]
ntohs                   0x08015995     0xe  Code  Gb  inet.o [1]
outQueue                0x08013e7b    0x28  Code  Gb  fun.o [1]
para_data_recv_process  0x08012d9b    0x86  Code  Gb  can_bus.o [1]
pbuf_alloc              0x080159c7   0x1f0  Code  Gb  pbuf.o [1]
pbuf_cat                0x08015d8f    0x38  Code  Gb  pbuf.o [1]
pbuf_chain              0x08015dc7    0x16  Code  Gb  pbuf.o [1]
pbuf_clen               0x08015d6f    0x14  Code  Gb  pbuf.o [1]
pbuf_copy               0x08015ddd    0xce  Code  Gb  pbuf.o [1]
pbuf_copy_partial       0x08015eab    0xa2  Code  Gb  pbuf.o [1]
pbuf_free               0x08015ce3    0x8c  Code  Gb  pbuf.o [1]
pbuf_header             0x08015c45    0x9e  Code  Gb  pbuf.o [1]
pbuf_realloc            0x08015bb7    0x8e  Code  Gb  pbuf.o [1]
pbuf_ref                0x08015d83     0xc  Code  Gb  pbuf.o [1]
pbuf_take               0x08015f4d    0x8e  Code  Gb  pbuf.o [1]
plug_holes              0x080174bd    0xa4  Code  Lc  mem.o [1]
polling_num             0x2000dee6     0x1  Data  Gb  logic_ctrl.o [1]
ram                     0x2000de54     0x4  Data  Lc  mem.o [1]
ram_end                 0x2000de58     0x4  Data  Lc  mem.o [1]
ram_heap                0x20000024  0x5014  Data  Lc  mem.o [1]
raw_input               0x08018491    0x82  Code  Gb  raw.o [1]
raw_pcbs                0x2000de70     0x4  Data  Lc  raw.o [1]
read_mac_addrs          0x0801aff9    0x5e  Code  Gb  main.o [1]
read_user_paras         0x08011ead    0xaa  Code  Gb  logic_ctrl.o [1]
reassdatagrams          0x2000de4c     0x4  Data  Lc  ip_frag.o [1]
recv_data               0x2000dea8     0x4  Data  Lc  tcp_in.o [1]
recv_flags              0x2000def8     0x1  Data  Lc  tcp_in.o [1]
recv_message_from_server
                        0x08014071    0x24  Code  Gb  fun.o [1]
recv_msg_check          0x08013ecf    0x5c  Code  Gb  fun.o [1]
recv_msg_process        0x08013f2b   0x146  Code  Gb  fun.o [1]
reset_start_flag        0x2000deec     0x1  Data  Gb  logic_ctrl.o [1]
reset_start_time_cnt    0x2000debe     0x2  Data  Gb  logic_ctrl.o [1]
scan_local_station      0x0801b057    0xd8  Code  Gb  main.o [1]
sec_flag                0x2000dece     0x2  Data  Gb  main.o [1]
sec_process             0x0801b12f   0x10c  Code  Gb  main.o [1]
sec_reg                 0x2000001c     0x2  Data  Gb  main.o [1]
send_message_to_server  0x08014241    0x7c  Code  Gb  fun.o [1]
send_msg_module_status_cmd
                        0x08014191    0xb0  Code  Gb  fun.o [1]
send_reply_read_para_cmd
                        0x08014095    0x7e  Code  Gb  fun.o [1]
send_reply_write_para_cmd
                        0x08014113    0x7e  Code  Gb  fun.o [1]
seqno                   0x2000dea0     0x4  Data  Lc  tcp_in.o [1]
stockFullFlag           0x2000dec0     0x2  Data  Gb  logic_ctrl.o [1]
stockInsertMod          0x2000dec2     0x2  Data  Gb  logic_ctrl.o [1]
stopspeed_default       0x2000ddd0    0x14  Data  Gb  modbus_rtu.o [1]
tcp_abandon             0x080161b1    0xb6  Code  Gb  tcp.o [1]
tcp_active_pcbs         0x2000de8c     0x4  Data  Gb  tcp.o [1]
tcp_alloc               0x0801671b    0xb8  Code  Gb  tcp.o [1]
tcp_backoff             0x08016910    0x10  Data  Gb  tcp.o [1]
tcp_bound_pcbs          0x2000de84     0x4  Data  Gb  tcp.o [1]
tcp_client_list         0x2000cdf0   0x270  Data  Gb  udpclient.o [1]
tcp_close               0x0801607f   0x132  Code  Gb  tcp.o [1]
tcp_eff_send_mss        0x080168e1    0x2e  Code  Gb  tcp.o [1]
tcp_enqueue             0x08016ad5   0x46c  Code  Gb  tcp_out.o [1]
tcp_fasttmr             0x0801659d    0x72  Code  Gb  tcp.o [1]
tcp_input               0x0801456d   0x502  Code  Gb  tcp_in.o [1]
tcp_input_pcb           0x2000deac     0x4  Data  Gb  tcp_in.o [1]
tcp_keepalive           0x080173f3    0x4a  Code  Gb  tcp_out.o [1]
tcp_kill_prio           0x0801667f    0x5e  Code  Lc  tcp.o [1]
tcp_kill_timewait       0x080166dd    0x3e  Code  Lc  tcp.o [1]
tcp_listen_input        0x08014a6f   0x146  Code  Lc  tcp_in.o [1]
tcp_listen_pcbs         0x2000de88     0x4  Data  Gb  tcp.o [1]
tcp_next_iss            0x0801689d    0x14  Code  Gb  tcp.o [1]
tcp_output              0x08016f41   0x27e  Code  Gb  tcp_out.o [1]
tcp_output_segment      0x080171bf    0xcc  Code  Lc  tcp_out.o [1]
tcp_output_set_header   0x08016a21    0x94  Code  Lc  tcp_out.o [1]
tcp_parseopt            0x0801588f    0xd0  Code  Lc  tcp_in.o [1]
tcp_pcb_purge           0x080167d3    0x3a  Code  Gb  tcp.o [1]
tcp_pcb_remove          0x0801680d    0x90  Code  Gb  tcp.o [1]
tcp_persist_backoff     0x08016920     0x8  Data  Gb  tcp.o [1]
tcp_process             0x08014c03   0x572  Code  Lc  tcp_in.o [1]
tcp_receive             0x080151a9   0x6e6  Code  Lc  tcp_in.o [1]
tcp_recv_null           0x08016657    0x28  Code  Lc  tcp.o [1]
tcp_rexmit              0x0801739b    0x58  Code  Gb  tcp_out.o [1]
tcp_rexmit_rto          0x08017361    0x3a  Code  Gb  tcp_out.o [1]
tcp_rst                 0x08017299    0xc8  Code  Gb  tcp_out.o [1]
tcp_seg_free            0x08016631    0x26  Code  Gb  tcp.o [1]
tcp_segs_free           0x0801660f    0x22  Code  Gb  tcp.o [1]
tcp_send_ctrl           0x08016ab5    0x20  Code  Gb  tcp_out.o [1]
tcp_slowtmr             0x080162a1   0x2fc  Code  Gb  tcp.o [1]
tcp_ticks               0x2000de80     0x4  Data  Gb  tcp.o [1]
tcp_timer               0x2000def6     0x1  Data  Lc  tcp.o [1]
tcp_timewait_input      0x08014bb5    0x4e  Code  Lc  tcp_in.o [1]
tcp_tmp_pcb             0x2000de94     0x4  Data  Gb  tcp.o [1]
tcp_tmr                 0x08016061    0x1e  Code  Gb  tcp.o [1]
tcp_tw_pcbs             0x2000de90     0x4  Data  Gb  tcp.o [1]
tcp_update_rcv_ann_wnd  0x08016267    0x3a  Code  Gb  tcp.o [1]
tcp_zero_window_probe   0x0801743d    0x5e  Code  Gb  tcp_out.o [1]
tcphdr                  0x2000de98     0x4  Data  Lc  tcp_in.o [1]
tcplen                  0x2000dee0     0x2  Data  Lc  tcp_in.o [1]
uart1_commu_state       0x2000def3     0x1  Data  Gb  modbus_rtu.o [1]
uart1_recv_buff         0x2000dbac    0x34  Data  Gb  modbus_rtu.o [1]
uart1_recv_count        0x2000deda     0x2  Data  Gb  modbus_rtu.o [1]
uart1_send              0x0801986b    0x72  Code  Gb  modbus_rtu.o [1]
uart1_send_buff         0x2000db78    0x34  Data  Gb  modbus_rtu.o [1]
uart1_send_count        0x2000ded8     0x2  Data  Gb  modbus_rtu.o [1]
uart1_tmr               0x2000dedc     0x2  Data  Gb  modbus_rtu.o [1]
uartSendQueue           0x2000de1c     0xc  Data  Gb  logic_ctrl.o [1]
uartSendQueueBuff       0x2000d060   0x258  Data  Gb  logic_ctrl.o [1]
uart_recv_timeout       0x08019815    0x56  Code  Gb  modbus_rtu.o [1]
uarttmpQueueBuff        0x2000c864   0x2d0  Data  Gb  logic_ctrl.o [1]
udp_bind                0x08018843    0x86  Code  Gb  udp.o [1]
udp_client_process      0x0801c0cf    0x64  Code  Gb  udpclient.o [1]
udp_connect             0x080188c9    0x5c  Code  Gb  udp.o [1]
udp_echoclient_connect  0x0801be63    0xe4  Code  Gb  udpclient.o [1]
udp_input               0x08018519   0x1ec  Code  Gb  udp.o [1]
udp_new                 0x08018931    0x20  Code  Gb  udp.o [1]
udp_pcbs                0x2000deb0     0x4  Data  Gb  udp.o [1]
udp_receive_callback    0x0801bf47   0x122  Code  Gb  udpclient.o [1]
udp_recv                0x08018925     0x6  Code  Gb  udp.o [1]
udp_send                0x08018705    0x14  Code  Gb  udp.o [1]
udp_send_process        0x0801c069    0x66  Code  Gb  udpclient.o [1]
udp_sendto              0x08018719    0x38  Code  Gb  udp.o [1]
udp_sendto_if           0x08018751    0xf2  Code  Gb  udp.o [1]
update_arp_entry        0x08018f63   0x130  Code  Lc  etharp.o [1]
upload_55ms             0x2000ded6     0x2  Data  Gb  main.o [1]
upload_runcnt           0x2000ded2     0x2  Data  Gb  main.o [1]
upload_time_delay       0x20000020     0x2  Data  Gb  main.o [1]
user_paras_local        0x2000d5d8   0x124  Data  Gb  logic_ctrl.o [1]
user_paras_slave        0x2000d6fc   0x124  Data  Gb  logic_ctrl.o [1]
user_paras_temp         0x2000d820   0x124  Data  Gb  logic_ctrl.o [1]
vcanbus_oenframe_send   0x08013669    0x78  Code  Gb  can_bus.o [1]
vcanbus_oneframe_recvCmd
                        0x08013023    0x6e  Code  Gb  can_bus.o [1]
vcanbus_recv_upstreamstop
                        0x08012f39    0xea  Code  Gb  can_bus.o [1]
write_user_paras        0x08011f57    0x34  Code  Gb  logic_ctrl.o [1]


[1] = G:\combiner\combiner_v1\EXP_IOT_CTRL_PROJECT\Project\EWARMv5_IAP\STM3210C-EVAL\Obj
[2] = command line
[3] = dl7M_tlf.a
[4] = rt7M_tl.a
[5] = shb_l.a

  52 120 bytes of readonly  code memory
      72 bytes of readonly  data memory
  61 177 bytes of readwrite data memory

Errors: none
Warnings: none
