###############################################################################
#                                                                             #
# IAR ELF Linker V6.10.1.52143/W32 for ARM              04/Feb/2024  14:58:25 #
# Copyright 2007-2010 IAR Systems AB.                                         #
#                                                                             #
#    Output file  =  G:\combiner\combiner_v1\EXP_IOT_CTRL_PROJECT\Project\EWA #
#                    RMv5_IAP\STM3210C-EVAL\Exe\STM3210C-EVAL.out             #
#    Map file     =  G:\combiner\combiner_v1\EXP_IOT_CTRL_PROJECT\Project\EWA #
#                    RMv5_IAP\STM3210C-EVAL\List\STM3210C-EVAL.map            #
#    Command line =  G:\combiner\combiner_v1\EXP_IOT_CTRL_PROJECT\Project\EWA #
#                    RMv5_IAP\STM3210C-EVAL\Obj\api_lib.o                     #
#                    G:\combiner\combiner_v1\EXP_IOT_CTRL_PROJECT\Project\EWA #
#                    RMv5_IAP\STM3210C-EVAL\Obj\api_msg.o                     #
#                    G:\combiner\combiner_v1\EXP_IOT_CTRL_PROJECT\Project\EWA #
#                    RMv5_IAP\STM3210C-EVAL\Obj\autoip.o                      #
#                    G:\combiner\combiner_v1\EXP_IOT_CTRL_PROJECT\Project\EWA #
#                    RMv5_IAP\STM3210C-EVAL\Obj\can_bus.o                     #
#                    G:\combiner\combiner_v1\EXP_IOT_CTRL_PROJECT\Project\EWA #
#                    RMv5_IAP\STM3210C-EVAL\Obj\core_cm3.o                    #
#                    G:\combiner\combiner_v1\EXP_IOT_CTRL_PROJECT\Project\EWA #
#                    RMv5_IAP\STM3210C-EVAL\Obj\dhcp.o                        #
#                    G:\combiner\combiner_v1\EXP_IOT_CTRL_PROJECT\Project\EWA #
#                    RMv5_IAP\STM3210C-EVAL\Obj\err.o                         #
#                    G:\combiner\combiner_v1\EXP_IOT_CTRL_PROJECT\Project\EWA #
#                    RMv5_IAP\STM3210C-EVAL\Obj\etharp.o                      #
#                    G:\combiner\combiner_v1\EXP_IOT_CTRL_PROJECT\Project\EWA #
#                    RMv5_IAP\STM3210C-EVAL\Obj\ethernetif.o                  #
#                    G:\combiner\combiner_v1\EXP_IOT_CTRL_PROJECT\Project\EWA #
#                    RMv5_IAP\STM3210C-EVAL\Obj\fun.o                         #
#                    G:\combiner\combiner_v1\EXP_IOT_CTRL_PROJECT\Project\EWA #
#                    RMv5_IAP\STM3210C-EVAL\Obj\icmp.o                        #
#                    G:\combiner\combiner_v1\EXP_IOT_CTRL_PROJECT\Project\EWA #
#                    RMv5_IAP\STM3210C-EVAL\Obj\igmp.o                        #
#                    G:\combiner\combiner_v1\EXP_IOT_CTRL_PROJECT\Project\EWA #
#                    RMv5_IAP\STM3210C-EVAL\Obj\inet.o                        #
#                    G:\combiner\combiner_v1\EXP_IOT_CTRL_PROJECT\Project\EWA #
#                    RMv5_IAP\STM3210C-EVAL\Obj\inet_chksum.o                 #
#                    G:\combiner\combiner_v1\EXP_IOT_CTRL_PROJECT\Project\EWA #
#                    RMv5_IAP\STM3210C-EVAL\Obj\init.o                        #
#                    G:\combiner\combiner_v1\EXP_IOT_CTRL_PROJECT\Project\EWA #
#                    RMv5_IAP\STM3210C-EVAL\Obj\ip.o                          #
#                    G:\combiner\combiner_v1\EXP_IOT_CTRL_PROJECT\Project\EWA #
#                    RMv5_IAP\STM3210C-EVAL\Obj\ip_addr.o                     #
#                    G:\combiner\combiner_v1\EXP_IOT_CTRL_PROJECT\Project\EWA #
#                    RMv5_IAP\STM3210C-EVAL\Obj\ip_frag.o                     #
#                    G:\combiner\combiner_v1\EXP_IOT_CTRL_PROJECT\Project\EWA #
#                    RMv5_IAP\STM3210C-EVAL\Obj\logic_ctrl.o                  #
#                    G:\combiner\combiner_v1\EXP_IOT_CTRL_PROJECT\Project\EWA #
#                    RMv5_IAP\STM3210C-EVAL\Obj\main.o                        #
#                    G:\combiner\combiner_v1\EXP_IOT_CTRL_PROJECT\Project\EWA #
#                    RMv5_IAP\STM3210C-EVAL\Obj\mem.o                         #
#                    G:\combiner\combiner_v1\EXP_IOT_CTRL_PROJECT\Project\EWA #
#                    RMv5_IAP\STM3210C-EVAL\Obj\memp.o                        #
#                    G:\combiner\combiner_v1\EXP_IOT_CTRL_PROJECT\Project\EWA #
#                    RMv5_IAP\STM3210C-EVAL\Obj\misc.o                        #
#                    G:\combiner\combiner_v1\EXP_IOT_CTRL_PROJECT\Project\EWA #
#                    RMv5_IAP\STM3210C-EVAL\Obj\modbus_rtu.o                  #
#                    G:\combiner\combiner_v1\EXP_IOT_CTRL_PROJECT\Project\EWA #
#                    RMv5_IAP\STM3210C-EVAL\Obj\netbuf.o                      #
#                    G:\combiner\combiner_v1\EXP_IOT_CTRL_PROJECT\Project\EWA #
#                    RMv5_IAP\STM3210C-EVAL\Obj\netconf.o                     #
#                    G:\combiner\combiner_v1\EXP_IOT_CTRL_PROJECT\Project\EWA #
#                    RMv5_IAP\STM3210C-EVAL\Obj\netdb.o                       #
#                    G:\combiner\combiner_v1\EXP_IOT_CTRL_PROJECT\Project\EWA #
#                    RMv5_IAP\STM3210C-EVAL\Obj\netif.o                       #
#                    G:\combiner\combiner_v1\EXP_IOT_CTRL_PROJECT\Project\EWA #
#                    RMv5_IAP\STM3210C-EVAL\Obj\netifapi.o                    #
#                    G:\combiner\combiner_v1\EXP_IOT_CTRL_PROJECT\Project\EWA #
#                    RMv5_IAP\STM3210C-EVAL\Obj\pbuf.o                        #
#                    G:\combiner\combiner_v1\EXP_IOT_CTRL_PROJECT\Project\EWA #
#                    RMv5_IAP\STM3210C-EVAL\Obj\raw.o                         #
#                    G:\combiner\combiner_v1\EXP_IOT_CTRL_PROJECT\Project\EWA #
#                    RMv5_IAP\STM3210C-EVAL\Obj\startup_stm32f10x_cl.o        #
#                    G:\combiner\combiner_v1\EXP_IOT_CTRL_PROJECT\Project\EWA #
#                    RMv5_IAP\STM3210C-EVAL\Obj\stats.o                       #
#                    G:\combiner\combiner_v1\EXP_IOT_CTRL_PROJECT\Project\EWA #
#                    RMv5_IAP\STM3210C-EVAL\Obj\stm32_eth.o                   #
#                    G:\combiner\combiner_v1\EXP_IOT_CTRL_PROJECT\Project\EWA #
#                    RMv5_IAP\STM3210C-EVAL\Obj\stm32f107.o                   #
#                    G:\combiner\combiner_v1\EXP_IOT_CTRL_PROJECT\Project\EWA #
#                    RMv5_IAP\STM3210C-EVAL\Obj\stm32f10x_adc.o               #
#                    G:\combiner\combiner_v1\EXP_IOT_CTRL_PROJECT\Project\EWA #
#                    RMv5_IAP\STM3210C-EVAL\Obj\stm32f10x_bkp.o               #
#                    G:\combiner\combiner_v1\EXP_IOT_CTRL_PROJECT\Project\EWA #
#                    RMv5_IAP\STM3210C-EVAL\Obj\stm32f10x_can.o               #
#                    G:\combiner\combiner_v1\EXP_IOT_CTRL_PROJECT\Project\EWA #
#                    RMv5_IAP\STM3210C-EVAL\Obj\stm32f10x_dma.o               #
#                    G:\combiner\combiner_v1\EXP_IOT_CTRL_PROJECT\Project\EWA #
#                    RMv5_IAP\STM3210C-EVAL\Obj\stm32f10x_exti.o              #
#                    G:\combiner\combiner_v1\EXP_IOT_CTRL_PROJECT\Project\EWA #
#                    RMv5_IAP\STM3210C-EVAL\Obj\stm32f10x_flash.o             #
#                    G:\combiner\combiner_v1\EXP_IOT_CTRL_PROJECT\Project\EWA #
#                    RMv5_IAP\STM3210C-EVAL\Obj\stm32f10x_gpio.o              #
#                    G:\combiner\combiner_v1\EXP_IOT_CTRL_PROJECT\Project\EWA #
#                    RMv5_IAP\STM3210C-EVAL\Obj\stm32f10x_i2c.o               #
#                    G:\combiner\combiner_v1\EXP_IOT_CTRL_PROJECT\Project\EWA #
#                    RMv5_IAP\STM3210C-EVAL\Obj\stm32f10x_it.o                #
#                    G:\combiner\combiner_v1\EXP_IOT_CTRL_PROJECT\Project\EWA #
#                    RMv5_IAP\STM3210C-EVAL\Obj\stm32f10x_pwr.o               #
#                    G:\combiner\combiner_v1\EXP_IOT_CTRL_PROJECT\Project\EWA #
#                    RMv5_IAP\STM3210C-EVAL\Obj\stm32f10x_rcc.o               #
#                    G:\combiner\combiner_v1\EXP_IOT_CTRL_PROJECT\Project\EWA #
#                    RMv5_IAP\STM3210C-EVAL\Obj\stm32f10x_rtc.o               #
#                    G:\combiner\combiner_v1\EXP_IOT_CTRL_PROJECT\Project\EWA #
#                    RMv5_IAP\STM3210C-EVAL\Obj\stm32f10x_spi.o               #
#                    G:\combiner\combiner_v1\EXP_IOT_CTRL_PROJECT\Project\EWA #
#                    RMv5_IAP\STM3210C-EVAL\Obj\stm32f10x_tim.o               #
#                    G:\combiner\combiner_v1\EXP_IOT_CTRL_PROJECT\Project\EWA #
#                    RMv5_IAP\STM3210C-EVAL\Obj\stm32f10x_usart.o             #
#                    G:\combiner\combiner_v1\EXP_IOT_CTRL_PROJECT\Project\EWA #
#                    RMv5_IAP\STM3210C-EVAL\Obj\sys.o                         #
#                    G:\combiner\combiner_v1\EXP_IOT_CTRL_PROJECT\Project\EWA #
#                    RMv5_IAP\STM3210C-EVAL\Obj\system_stm32f10x.o            #
#                    G:\combiner\combiner_v1\EXP_IOT_CTRL_PROJECT\Project\EWA #
#                    RMv5_IAP\STM3210C-EVAL\Obj\tcp.o                         #
#                    G:\combiner\combiner_v1\EXP_IOT_CTRL_PROJECT\Project\EWA #
#                    RMv5_IAP\STM3210C-EVAL\Obj\tcp_in.o                      #
#                    G:\combiner\combiner_v1\EXP_IOT_CTRL_PROJECT\Project\EWA #
#                    RMv5_IAP\STM3210C-EVAL\Obj\tcp_out.o                     #
#                    G:\combiner\combiner_v1\EXP_IOT_CTRL_PROJECT\Project\EWA #
#                    RMv5_IAP\STM3210C-EVAL\Obj\tcpip.o                       #
#                    G:\combiner\combiner_v1\EXP_IOT_CTRL_PROJECT\Project\EWA #
#                    RMv5_IAP\STM3210C-EVAL\Obj\udp.o                         #
#                    G:\combiner\combiner_v1\EXP_IOT_CTRL_PROJECT\Project\EWA #
#                    RMv5_IAP\STM3210C-EVAL\Obj\udpclient.o -o                #
#                    G:\combiner\combiner_v1\EXP_IOT_CTRL_PROJECT\Project\EWA #
#                    RMv5_IAP\STM3210C-EVAL\Exe\STM3210C-EVAL.out --map       #
#                    G:\combiner\combiner_v1\EXP_IOT_CTRL_PROJECT\Project\EWA #
#                    RMv5_IAP\STM3210C-EVAL\List\STM3210C-EVAL.map --config   #
#                    G:\combiner\combiner_v1\EXP_IOT_CTRL_PROJECT\Project\EWA #
#                    RMv5_IAP\STM32F10x_FLASH.icf --semihosting --entry       #
#                    __iar_program_start                                      #
#                                                                             #
#                                                                             #
###############################################################################

*******************************************************************************
*** RUNTIME MODEL ATTRIBUTES
***

CppFlavor       = *
__SystemLibrary = DLib


*******************************************************************************
*** PLACEMENT SUMMARY
***

"A1":  place at 0x08010000 { ro section .intvec };
"P1":  place in [from 0x08010000 to 0x0803ffff] { ro };
"P2":  place in [from 0x20000000 to 0x2000ffff] { rw, block CSTACK, block HEAP };

  Section            Kind        Address    Size  Object
  -------            ----        -------    ----  ------
"A1":                                      0x150
  .intvec            ro code  0x08010000   0x150  startup_stm32f10x_cl.o [1]
                            - 0x08010150   0x150

"P1":                                     0xcbf8
  .text              ro code  0x08010150  0x2a38  logic_ctrl.o [1]
  .text              ro code  0x08012b88    0x70  ABImemcpy.o [4]
  .text              ro code  0x08012bf8   0x20c  stm32f10x_gpio.o [1]
  .text              ro code  0x08012e04   0xa80  can_bus.o [1]
  .text              ro code  0x08013884   0x17e  stm32f10x_flash.o [1]
  .text              ro code  0x08013a02    0x16  tcp_out.o [1]
  .text              ro code  0x08013a18   0x544  stm32f10x_can.o [1]
  .text              ro code  0x08013f5c   0x4e0  fun.o [1]
  .text              ro code  0x0801443c   0x270  stm32f10x_rcc.o [1]
  .text              ro code  0x080146ac  0x141c  tcp_in.o [1]
  .text              ro code  0x08015ac8    0x3e  inet.o [1]
  .text              ro code  0x08015b06   0x614  pbuf.o [1]
  .text              ro code  0x0801611a    0x2e  copy_init3.o [4]
  .text              ro code  0x08016148    0x58  ip_addr.o [1]
  .text              ro code  0x080161a0   0x8c8  tcp.o [1]
  .text              ro code  0x08016a68    0xf8  memp.o [1]
  .text              ro code  0x08016b60   0xa7a  tcp_out.o [1]
  .text              ro code  0x080175da    0x22  zero_init3.o [4]
  .text              ro code  0x080175fc   0x3e0  mem.o [1]
  .text              ro code  0x080179dc    0x16  udp.o [1]
  .text              ro code  0x080179f4   0x38c  ip.o [1]
  .text              ro code  0x08017d80    0x66  ABImemset.o [4]
  .text              ro code  0x08017de8   0x170  netif.o [1]
  .text              ro code  0x08017f58   0x678  ip_frag.o [1]
  .text              ro code  0x080185d0    0x88  raw.o [1]
  .text              ro code  0x08018658   0x438  udp.o [1]
  .text              ro code  0x08018a90   0x232  icmp.o [1]
  .text              ro code  0x08018cc4   0xb34  etharp.o [1]
  .text              ro code  0x080197f8    0xd6  inet_chksum.o [1]
  .text              ro code  0x080198d0   0xf7c  modbus_rtu.o [1]
  .text              ro code  0x0801a84c   0x1cc  stm32f10x_usart.o [1]
  .text              ro code  0x0801aa18   0x746  stm32_eth.o [1]
  .text              ro code  0x0801b160   0x6a0  main.o [1]
  .text              ro code  0x0801b800   0x64e  stm32f107.o [1]
  .text              ro code  0x0801be50    0xe4  netconf.o [1]
  .text              ro code  0x0801bf34   0x3dc  udpclient.o [1]
  .text              ro code  0x0801c310   0x26e  stm32f10x_tim.o [1]
  .text              ro code  0x0801c580   0x19c  system_stm32f10x.o [1]
  .text              ro code  0x0801c71c     0xc  stm32f10x_pwr.o [1]
  .text              ro code  0x0801c728    0x9c  misc.o [1]
  .text              ro code  0x0801c7c4   0x300  ethernetif.o [1]
  .text              ro code  0x0801cac4    0xa8  stm32f10x_it.o [1]
  .text              ro code  0x0801cb6c    0x2c  data_init3.o [4]
  .iar.init_table    const    0x0801cb98    0x24  - Linker created -
  .text              ro code  0x0801cbbc    0x16  cmain.o [4]
  .text              ro code  0x0801cbd2     0x4  low_level_init.o [3]
  .text              ro code  0x0801cbd6     0x8  exit.o [3]
  .text              ro code  0x0801cbe0     0xa  cexit.o [4]
  .text              ro code  0x0801cbec    0x14  exit.o [5]
  .text              ro code  0x0801cc00     0xc  cstartup_M.o [4]
  .text              ro code  0x0801cc0c     0x4  startup_stm32f10x_cl.o [1]
  .text              ro code  0x0801cc10     0x4  startup_stm32f10x_cl.o [1]
  .text              ro code  0x0801cc14     0x4  startup_stm32f10x_cl.o [1]
  .text              ro code  0x0801cc18     0x4  startup_stm32f10x_cl.o [1]
  .text              ro code  0x0801cc1c     0x4  startup_stm32f10x_cl.o [1]
  .text              ro code  0x0801cc20     0x4  startup_stm32f10x_cl.o [1]
  .text              ro code  0x0801cc24     0x4  startup_stm32f10x_cl.o [1]
  .text              ro code  0x0801cc28     0x4  startup_stm32f10x_cl.o [1]
  .text              ro code  0x0801cc2c     0x4  startup_stm32f10x_cl.o [1]
  .text              ro code  0x0801cc30     0x4  startup_stm32f10x_cl.o [1]
  .text              ro code  0x0801cc34     0x4  startup_stm32f10x_cl.o [1]
  .text              ro code  0x0801cc38     0x4  startup_stm32f10x_cl.o [1]
  .text              ro code  0x0801cc3c     0x4  startup_stm32f10x_cl.o [1]
  .text              ro code  0x0801cc40     0x4  startup_stm32f10x_cl.o [1]
  .text              ro code  0x0801cc44     0x4  startup_stm32f10x_cl.o [1]
  .text              ro code  0x0801cc48     0x4  startup_stm32f10x_cl.o [1]
  .text              ro code  0x0801cc4c     0x4  startup_stm32f10x_cl.o [1]
  .text              ro code  0x0801cc50     0x4  startup_stm32f10x_cl.o [1]
  .text              ro code  0x0801cc54     0x4  startup_stm32f10x_cl.o [1]
  .text              ro code  0x0801cc58     0x4  startup_stm32f10x_cl.o [1]
  .text              ro code  0x0801cc5c     0x4  startup_stm32f10x_cl.o [1]
  .text              ro code  0x0801cc60     0x4  startup_stm32f10x_cl.o [1]
  .text              ro code  0x0801cc64     0x4  startup_stm32f10x_cl.o [1]
  .text              ro code  0x0801cc68     0x4  startup_stm32f10x_cl.o [1]
  .text              ro code  0x0801cc6c     0x4  startup_stm32f10x_cl.o [1]
  .text              ro code  0x0801cc70     0x4  startup_stm32f10x_cl.o [1]
  .text              ro code  0x0801cc74     0x4  startup_stm32f10x_cl.o [1]
  .text              ro code  0x0801cc78     0x4  startup_stm32f10x_cl.o [1]
  .text              ro code  0x0801cc7c     0x4  startup_stm32f10x_cl.o [1]
  .text              ro code  0x0801cc80     0x4  startup_stm32f10x_cl.o [1]
  .text              ro code  0x0801cc84     0x4  startup_stm32f10x_cl.o [1]
  .text              ro code  0x0801cc88     0x4  startup_stm32f10x_cl.o [1]
  .text              ro code  0x0801cc8c     0x4  startup_stm32f10x_cl.o [1]
  .text              ro code  0x0801cc90     0x4  startup_stm32f10x_cl.o [1]
  .text              ro code  0x0801cc94     0x4  startup_stm32f10x_cl.o [1]
  .text              ro code  0x0801cc98     0x4  startup_stm32f10x_cl.o [1]
  .text              ro code  0x0801cc9c     0x4  startup_stm32f10x_cl.o [1]
  .text              ro code  0x0801cca0     0x4  startup_stm32f10x_cl.o [1]
  .text              ro code  0x0801cca4     0x4  startup_stm32f10x_cl.o [1]
  .text              ro code  0x0801cca8     0x4  startup_stm32f10x_cl.o [1]
  .text              ro code  0x0801ccac     0x4  startup_stm32f10x_cl.o [1]
  .text              ro code  0x0801ccb0     0x4  startup_stm32f10x_cl.o [1]
  .text              ro code  0x0801ccb4     0x4  startup_stm32f10x_cl.o [1]
  .text              ro code  0x0801ccb8     0x4  startup_stm32f10x_cl.o [1]
  .text              ro code  0x0801ccbc     0x4  startup_stm32f10x_cl.o [1]
  .text              ro code  0x0801ccc0     0x4  startup_stm32f10x_cl.o [1]
  .text              ro code  0x0801ccc4     0x4  startup_stm32f10x_cl.o [1]
  .text              ro code  0x0801ccc8     0x4  startup_stm32f10x_cl.o [1]
  .text              ro code  0x0801cccc     0x4  startup_stm32f10x_cl.o [1]
  .text              ro code  0x0801ccd0     0x4  startup_stm32f10x_cl.o [1]
  .text              ro code  0x0801ccd4     0x4  startup_stm32f10x_cl.o [1]
  .text              ro code  0x0801ccd8     0x4  startup_stm32f10x_cl.o [1]
  .text              ro code  0x0801ccdc     0x4  startup_stm32f10x_cl.o [1]
  .text              ro code  0x0801cce0     0x4  startup_stm32f10x_cl.o [1]
  .text              ro code  0x0801cce4     0x4  startup_stm32f10x_cl.o [1]
  .text              ro code  0x0801cce8     0x4  startup_stm32f10x_cl.o [1]
  .text              ro code  0x0801ccec     0x4  startup_stm32f10x_cl.o [1]
  .text              ro code  0x0801ccf0     0x4  startup_stm32f10x_cl.o [1]
  .text              ro code  0x0801ccf4     0x4  startup_stm32f10x_cl.o [1]
  .text              ro code  0x0801ccf8     0x4  startup_stm32f10x_cl.o [1]
  .text              ro code  0x0801ccfc     0x4  startup_stm32f10x_cl.o [1]
  .text              ro code  0x0801cd00     0x4  startup_stm32f10x_cl.o [1]
  .text              ro code  0x0801cd04     0x4  startup_stm32f10x_cl.o [1]
  .text              ro code  0x0801cd08     0x4  startup_stm32f10x_cl.o [1]
  .text              ro code  0x0801cd0c     0x4  startup_stm32f10x_cl.o [1]
  .text              ro code  0x0801cd10     0x4  startup_stm32f10x_cl.o [1]
  .text              ro code  0x0801cd14     0x4  startup_stm32f10x_cl.o [1]
  .text              ro code  0x0801cd18     0x4  startup_stm32f10x_cl.o [1]
  .text              ro code  0x0801cd1c     0x4  startup_stm32f10x_cl.o [1]
  .text              ro code  0x0801cd20     0x4  startup_stm32f10x_cl.o [1]
  Initializer bytes  ro data  0x0801cd24    0x24  <for P2 s0>
                            - 0x0801cd48  0xcbf8

"P2", part 1 of 3:                          0x24
  P2 s0                       0x20000000    0x24  <Init block>
    .data            inited   0x20000000    0x10  stm32f10x_rcc.o [1]
    .data            inited   0x20000010     0x4  stm32f10x_rcc.o [1]
    .data            inited   0x20000014     0x4  tcp.o [1]
    .data            inited   0x20000018     0x2  logic_ctrl.o [1]
    .data            inited   0x2000001a     0x2  logic_ctrl.o [1]
    .data            inited   0x2000001c     0x2  main.o [1]
    .data            inited   0x2000001e     0x2  main.o [1]
    .data            inited   0x20000020     0x2  main.o [1]
    .data            inited   0x20000022     0x2  main.o [1]
                            - 0x20000024    0x24

"P2", part 2 of 3:                        0xde8c
  .bss               zero     0x20000024  0x5014  mem.o [1]
  .bss               zero     0x20005038  0x468c  memp.o [1]
  .bss               zero     0x200096c4  0x17c0  ethernetif.o [1]
  .bss               zero     0x2000ae84   0xbe0  ethernetif.o [1]
  .bss               zero     0x2000ba64   0x820  logic_ctrl.o [1]
  .bss               zero     0x2000c284   0x5e0  ip_frag.o [1]
  .bss               zero     0x2000c864   0x2d0  logic_ctrl.o [1]
  .bss               zero     0x2000cb34   0x2bc  can_bus.o [1]
  .bss               zero     0x2000cdf0   0x270  udpclient.o [1]
  .bss               zero     0x2000d060   0x258  logic_ctrl.o [1]
  .bss               zero     0x2000d2b8   0x190  can_bus.o [1]
  .bss               zero     0x2000d448   0x190  can_bus.o [1]
  .bss               zero     0x2000d5d8   0x124  logic_ctrl.o [1]
  .bss               zero     0x2000d6fc   0x124  logic_ctrl.o [1]
  .bss               zero     0x2000d820   0x124  logic_ctrl.o [1]
  .bss               zero     0x2000d944    0xc8  etharp.o [1]
  .bss               zero     0x2000da0c    0xc8  fun.o [1]
  .bss               zero     0x2000dad4    0x64  logic_ctrl.o [1]
  .bss               zero     0x2000db38    0x40  ethernetif.o [1]
  .bss               zero     0x2000db78    0x34  modbus_rtu.o [1]
  .bss               zero     0x2000dbac    0x34  modbus_rtu.o [1]
  .bss               zero     0x2000dbe0    0x30  netconf.o [1]
  .bss               zero     0x2000dc10    0x28  logic_ctrl.o [1]
  .bss               zero     0x2000dc38    0x24  memp.o [1]
  .bss               zero     0x2000dc5c    0x20  ethernetif.o [1]
  .bss               zero     0x2000dc7c    0x14  logic_ctrl.o [1]
  .bss               zero     0x2000dc90    0x14  logic_ctrl.o [1]
  .bss               zero     0x2000dca4    0x14  modbus_rtu.o [1]
  .bss               zero     0x2000dcb8    0x14  tcp_in.o [1]
  .bss               zero     0x2000dccc    0x10  logic_ctrl.o [1]
  .bss               zero     0x2000dcdc    0x10  logic_ctrl.o [1]
  .bss               zero     0x2000dcec    0x10  logic_ctrl.o [1]
  .bss               zero     0x2000dcfc    0x10  logic_ctrl.o [1]
  .bss               zero     0x2000dd0c    0x10  logic_ctrl.o [1]
  .bss               zero     0x2000dd1c    0x10  logic_ctrl.o [1]
  .bss               zero     0x2000dd2c    0x10  logic_ctrl.o [1]
  .bss               zero     0x2000dd3c    0x10  logic_ctrl.o [1]
  .bss               zero     0x2000dd4c    0x10  logic_ctrl.o [1]
  .bss               zero     0x2000dd5c    0x10  logic_ctrl.o [1]
  .bss               zero     0x2000dd6c    0x10  logic_ctrl.o [1]
  .bss               zero     0x2000dd7c    0x10  logic_ctrl.o [1]
  .bss               zero     0x2000dd8c    0x10  logic_ctrl.o [1]
  .bss               zero     0x2000dd9c    0x10  logic_ctrl.o [1]
  .bss               zero     0x2000ddac     0xc  can_bus.o [1]
  .bss               zero     0x2000ddb8     0xc  fun.o [1]
  .bss               zero     0x2000ddc4     0xc  logic_ctrl.o [1]
  .bss               zero     0x2000ddd0     0xc  logic_ctrl.o [1]
  .bss               zero     0x2000dddc     0xc  logic_ctrl.o [1]
  .bss               zero     0x2000dde8     0x8  ethernetif.o [1]
  .bss               zero     0x2000ddf0     0x8  main.o [1]
  .bss               zero     0x2000ddf8     0x4  ip.o [1]
  .bss               zero     0x2000ddfc     0x4  ip.o [1]
  .bss               zero     0x2000de00     0x4  ip_frag.o [1]
  .bss               zero     0x2000de04     0x4  main.o [1]
  .bss               zero     0x2000de08     0x4  mem.o [1]
  .bss               zero     0x2000de0c     0x4  mem.o [1]
  .bss               zero     0x2000de10     0x4  mem.o [1]
  .bss               zero     0x2000de14     0x4  netconf.o [1]
  .bss               zero     0x2000de18     0x4  netconf.o [1]
  .bss               zero     0x2000de1c     0x4  netif.o [1]
  .bss               zero     0x2000de20     0x4  netif.o [1]
  .bss               zero     0x2000de24     0x4  raw.o [1]
  .bss               zero     0x2000de28     0x4  stm32_eth.o [1]
  .bss               zero     0x2000de2c     0x4  stm32_eth.o [1]
  .bss               zero     0x2000de30     0x4  stm32f107.o [1]
  .bss               zero     0x2000de34     0x4  tcp.o [1]
  .bss               zero     0x2000de38     0x4  tcp.o [1]
  .bss               zero     0x2000de3c     0x4  tcp.o [1]
  .bss               zero     0x2000de40     0x4  tcp.o [1]
  .bss               zero     0x2000de44     0x4  tcp.o [1]
  .bss               zero     0x2000de48     0x4  tcp.o [1]
  .bss               zero     0x2000de4c     0x4  tcp_in.o [1]
  .bss               zero     0x2000de50     0x4  tcp_in.o [1]
  .bss               zero     0x2000de54     0x4  tcp_in.o [1]
  .bss               zero     0x2000de58     0x4  tcp_in.o [1]
  .bss               zero     0x2000de5c     0x4  tcp_in.o [1]
  .bss               zero     0x2000de60     0x4  tcp_in.o [1]
  .bss               zero     0x2000de64     0x4  udp.o [1]
  .bss               zero     0x2000de68     0x2  can_bus.o [1]
  .bss               zero     0x2000de6a     0x2  can_bus.o [1]
  .bss               zero     0x2000de6c     0x2  can_bus.o [1]
  .bss               zero     0x2000de6e     0x2  ip.o [1]
  .bss               zero     0x2000de70     0x2  ip_frag.o [1]
  .bss               zero     0x2000de72     0x2  logic_ctrl.o [1]
  .bss               zero     0x2000de74     0x2  logic_ctrl.o [1]
  .bss               zero     0x2000de76     0x2  logic_ctrl.o [1]
  .bss               zero     0x2000de78     0x2  logic_ctrl.o [1]
  .bss               zero     0x2000de7a     0x2  logic_ctrl.o [1]
  .bss               zero     0x2000de7c     0x2  logic_ctrl.o [1]
  .bss               zero     0x2000de7e     0x2  logic_ctrl.o [1]
  .bss               zero     0x2000de80     0x2  main.o [1]
  .bss               zero     0x2000de82     0x2  main.o [1]
  .bss               zero     0x2000de84     0x2  main.o [1]
  .bss               zero     0x2000de86     0x2  main.o [1]
  .bss               zero     0x2000de88     0x2  main.o [1]
  .bss               zero     0x2000de8a     0x2  modbus_rtu.o [1]
  .bss               zero     0x2000de8c     0x2  modbus_rtu.o [1]
  .bss               zero     0x2000de8e     0x2  modbus_rtu.o [1]
  .bss               zero     0x2000de90     0x2  modbus_rtu.o [1]
  .bss               zero     0x2000de92     0x2  tcp_in.o [1]
  .bss               zero     0x2000de94     0x1  can_bus.o [1]
  .bss               zero     0x2000de95     0x1  can_bus.o [1]
  .bss               zero     0x2000de96     0x1  etharp.o [1]
  .bss               zero     0x2000de97     0x1  logic_ctrl.o [1]
  .bss               zero     0x2000de98     0x1  logic_ctrl.o [1]
  .bss               zero     0x2000de99     0x1  logic_ctrl.o [1]
  .bss               zero     0x2000de9a     0x1  logic_ctrl.o [1]
  .bss               zero     0x2000de9b     0x1  logic_ctrl.o [1]
  .bss               zero     0x2000de9c     0x1  logic_ctrl.o [1]
  .bss               zero     0x2000de9d     0x1  logic_ctrl.o [1]
  .bss               zero     0x2000de9e     0x1  logic_ctrl.o [1]
  .bss               zero     0x2000de9f     0x1  logic_ctrl.o [1]
  .bss               zero     0x2000dea0     0x1  main.o [1]
  .bss               zero     0x2000dea1     0x1  main.o [1]
  .bss               zero     0x2000dea2     0x1  main.o [1]
  .bss               zero     0x2000dea3     0x1  main.o [1]
  .bss               zero     0x2000dea4     0x1  mem.o [1]
  .bss               zero     0x2000dea5     0x1  modbus_rtu.o [1]
  .bss               zero     0x2000dea6     0x1  modbus_rtu.o [1]
  .bss               zero     0x2000dea7     0x1  netif.o [1]
  .bss               zero     0x2000dea8     0x1  tcp.o [1]
  .bss               zero     0x2000dea9     0x1  tcp_in.o [1]
  .bss               zero     0x2000deaa     0x1  tcp_in.o [1]
                            - 0x2000deab  0xde87

"P2", part 3 of 3:                        0x1000
  CSTACK                      0x2000deb0  0x1000  <Block>
    CSTACK           uninit   0x2000deb0  0x1000  <Block tail>
                            - 0x2000eeb0  0x1000


*******************************************************************************
*** INIT TABLE
***

          Address     Size
          -------     ----
Zero (__iar_zero_init3)
    1 destination range, total size 0xde87:
          0x20000024  0xde87

Copy (__iar_copy_init3)
    1 source range, total size 0x24:
          0x0801cd24    0x24
    1 destination range, total size 0x24:
          0x20000000    0x24


*******************************************************************************
*** MODULE SUMMARY
***

    Module                  ro code  ro data  rw data
    ------                  -------  -------  -------
G:\combiner\combiner_v1\EXP_IOT_CTRL_PROJECT\Project\EWARMv5_IAP\STM3210C-EVAL\Obj: [1]
    can_bus.o                 2 688             1 520
    etharp.o                  2 868               201
    ethernetif.o                768             9 224
    fun.o                     1 248               212
    icmp.o                      562
    inet.o                       62
    inet_chksum.o               214
    ip.o                        908                10
    ip_addr.o                    88
    ip_frag.o                 1 656             1 510
    logic_ctrl.o             10 808        4    4 743
    main.o                    1 696        8       34
    mem.o                       992            20 513
    memp.o                      248            18 096
    misc.o                      156
    modbus_rtu.o              3 964               134
    netconf.o                   228                56
    netif.o                     368                 9
    pbuf.o                    1 556
    raw.o                       136                 4
    startup_stm32f10x_cl.o      616
    stm32_eth.o               1 862                 8
    stm32f107.o               1 614                 4
    stm32f10x_can.o           1 348
    stm32f10x_flash.o           382
    stm32f10x_gpio.o            524
    stm32f10x_it.o              168
    stm32f10x_pwr.o              12
    stm32f10x_rcc.o             624       20       20
    stm32f10x_tim.o             622
    stm32f10x_usart.o           460
    system_stm32f10x.o          412
    tcp.o                     2 248        4       29
    tcp_in.o                  5 148                48
    tcp_out.o                 2 704
    udp.o                     1 102                 4
    udpclient.o                 988               624
    -------------------------------------------------
    Total:                   52 048       36   57 003

command line: [2]
    -------------------------------------------------
    Total:

dl7M_tlf.a: [3]
    exit.o                        8
    low_level_init.o              4
    -------------------------------------------------
    Total:                       12

rt7M_tl.a: [4]
    ABImemcpy.o                 112
    ABImemset.o                 102
    cexit.o                      10
    cmain.o                      22
    copy_init3.o                 46
    cstartup_M.o                 12
    data_init3.o                 44
    zero_init3.o                 34
    -------------------------------------------------
    Total:                      382

shb_l.a: [5]
    exit.o                       20
    -------------------------------------------------
    Total:                       20

    Gaps                         18
    Linker created                        36    4 096
-----------------------------------------------------
    Grand Total:             52 480       72   61 099


*******************************************************************************
*** ENTRY LIST
***

Entry                      Address    Size  Type      Object
-----                      -------    ----  ----      ------
?main                   0x0801cbbd          Code  Gb  cmain.o [4]
ADC1_2_IRQHandler       0x0801cc79          Code  Wk  startup_stm32f10x_cl.o [1]
ADCPrescTable           0x20000010     0x4  Data  Lc  stm32f10x_rcc.o [1]
APBAHBPrescTable        0x20000000    0x10  Data  Lc  stm32f10x_rcc.o [1]
ARPTimer                0x2000de18     0x4  Data  Gb  netconf.o [1]
AddCanSendData2Queue    0x08012e39    0x3e  Code  Gb  can_bus.o [1]
AddModuleStatusData2Queue
                        0x0801037d    0x44  Code  Gb  logic_ctrl.o [1]
AddSendMsgToQueue       0x08013ff1    0x12  Code  Gb  fun.o [1]
AddUartSendData2Queue   0x080101eb    0xf2  Code  Gb  logic_ctrl.o [1]
AddUarttmpData2Queue    0x08010165    0x3c  Code  Gb  logic_ctrl.o [1]
Block_Check_Ctrl_Handle
                        0x08011945   0x104  Code  Gb  logic_ctrl.o [1]
BusFault_Handler        0x0801cacb     0x2  Code  Gb  stm32f10x_it.o [1]
CAN1_RX0_IRQHandler     0x0801cb27    0x2c  Code  Gb  stm32f10x_it.o [1]
CAN1_RX1_IRQHandler     0x0801cc85          Code  Wk  startup_stm32f10x_cl.o [1]
CAN1_SCE_IRQHandler     0x0801cc89          Code  Wk  startup_stm32f10x_cl.o [1]
CAN1_TX_IRQHandler      0x0801cc7d          Code  Wk  startup_stm32f10x_cl.o [1]
CAN2_RX0_IRQHandler     0x0801cd15          Code  Wk  startup_stm32f10x_cl.o [1]
CAN2_RX1_IRQHandler     0x0801cd19          Code  Wk  startup_stm32f10x_cl.o [1]
CAN2_SCE_IRQHandler     0x0801cd1d          Code  Wk  startup_stm32f10x_cl.o [1]
CAN2_TX_IRQHandler      0x0801cd11          Code  Wk  startup_stm32f10x_cl.o [1]
CAN_ClearITPendingBit   0x08013ec5    0x98  Code  Gb  stm32f10x_can.o [1]
CAN_Configuration       0x0801b8ad    0xaa  Code  Gb  stm32f107.o [1]
CAN_DeInit              0x08013a19    0x36  Code  Gb  stm32f10x_can.o [1]
CAN_FIFORelease         0x08013dd1    0x12  Code  Gb  stm32f10x_can.o [1]
CAN_FilterInit          0x08013b67    0xe2  Code  Gb  stm32f10x_can.o [1]
CAN_ITConfig            0x08013c95    0x16  Code  Gb  stm32f10x_can.o [1]
CAN_Init                0x08013a4f   0x118  Code  Gb  stm32f10x_can.o [1]
CAN_Receive             0x08013de3    0xe2  Code  Gb  stm32f10x_can.o [1]
CAN_StructInit          0x08013c49    0x2e  Code  Gb  stm32f10x_can.o [1]
CAN_Transmit            0x08013cab   0x126  Code  Gb  stm32f10x_can.o [1]
CRCHi                   0x0801a488   0x100  Data  Gb  modbus_rtu.o [1]
CRCLo                   0x0801a588   0x100  Data  Gb  modbus_rtu.o [1]
CRC_sub                 0x080198d1    0x6c  Code  Gb  modbus_rtu.o [1]
CSTACK$$Base            0x2000deb0           --   Gb  - Linker created -
CSTACK$$Limit           0x2000eeb0           --   Gb  - Linker created -
DMA1_Channel1_IRQHandler
                        0x0801cc5d          Code  Wk  startup_stm32f10x_cl.o [1]
DMA1_Channel2_IRQHandler
                        0x0801cc61          Code  Wk  startup_stm32f10x_cl.o [1]
DMA1_Channel3_IRQHandler
                        0x0801cc65          Code  Wk  startup_stm32f10x_cl.o [1]
DMA1_Channel4_IRQHandler
                        0x0801cc69          Code  Wk  startup_stm32f10x_cl.o [1]
DMA1_Channel5_IRQHandler
                        0x0801cc6d          Code  Wk  startup_stm32f10x_cl.o [1]
DMA1_Channel6_IRQHandler
                        0x0801cc71          Code  Wk  startup_stm32f10x_cl.o [1]
DMA1_Channel7_IRQHandler
                        0x0801cc75          Code  Wk  startup_stm32f10x_cl.o [1]
DMA2_Channel1_IRQHandler
                        0x0801ccf5          Code  Wk  startup_stm32f10x_cl.o [1]
DMA2_Channel2_IRQHandler
                        0x0801ccf9          Code  Wk  startup_stm32f10x_cl.o [1]
DMA2_Channel3_IRQHandler
                        0x0801ccfd          Code  Wk  startup_stm32f10x_cl.o [1]
DMA2_Channel4_IRQHandler
                        0x0801cd01          Code  Wk  startup_stm32f10x_cl.o [1]
DMA2_Channel5_IRQHandler
                        0x0801cd05          Code  Wk  startup_stm32f10x_cl.o [1]
DMARxDescToGet          0x2000de2c     0x4  Data  Gb  stm32_eth.o [1]
DMARxDscrTab            0x2000db38    0x40  Data  Gb  ethernetif.o [1]
DMATxDescToSet          0x2000de28     0x4  Data  Gb  stm32_eth.o [1]
DMATxDscrTab            0x2000dc5c    0x20  Data  Gb  ethernetif.o [1]
DebugMon_Handler        0x0801cad1     0x2  Code  Gb  stm32f10x_it.o [1]
ETH_DMAITConfig         0x0801b0c1    0x26  Code  Gb  stm32_eth.o [1]
ETH_DMAReceptionCmd     0x0801b095    0x22  Code  Gb  stm32_eth.o [1]
ETH_DMARxDescChainInit  0x0801afbd    0x4e  Code  Gb  stm32_eth.o [1]
ETH_DMARxDescReceiveITConfig
                        0x0801b013    0x1a  Code  Gb  stm32_eth.o [1]
ETH_DMATransmissionCmd  0x0801b067    0x22  Code  Gb  stm32_eth.o [1]
ETH_DMATxDescChainInit  0x0801af6d    0x48  Code  Gb  stm32_eth.o [1]
ETH_DMATxDescChecksumInsertionConfig
                        0x0801afb5     0x8  Code  Gb  stm32_eth.o [1]
ETH_DeInit              0x0801aa19    0x18  Code  Gb  stm32_eth.o [1]
ETH_Delay               0x0801b141    0x1e  Code  Lc  stm32_eth.o [1]
ETH_FlushTransmitFIFO   0x0801b059     0xe  Code  Gb  stm32_eth.o [1]
ETH_GetCurrentTxBuffer  0x0801ca8b     0x8  Code  Gb  ethernetif.o [1]
ETH_GetDMARxDescFrameLength
                        0x0801b00b     0x8  Code  Gb  stm32_eth.o [1]
ETH_GetRxPktSize        0x0801addb    0x2a  Code  Gb  stm32_eth.o [1]
ETH_GetSoftwareResetStatus
                        0x0801b03f    0x1a  Code  Gb  stm32_eth.o [1]
ETH_IRQHandler          0x0801cd09          Code  Wk  startup_stm32f10x_cl.o [1]
ETH_Init                0x0801aa31   0x2a0  Code  Gb  stm32_eth.o [1]
ETH_MACAddressConfig    0x0801af3b    0x32  Code  Gb  stm32_eth.o [1]
ETH_MACReceptionCmd     0x0801af11    0x2a  Code  Gb  stm32_eth.o [1]
ETH_MACTransmissionCmd  0x0801aee7    0x2a  Code  Gb  stm32_eth.o [1]
ETH_ReadPHYRegister     0x0801ae05    0x70  Code  Gb  stm32_eth.o [1]
ETH_RxPkt_ChainMode     0x0801c9a1    0x8c  Code  Gb  ethernetif.o [1]
ETH_SoftwareReset       0x0801b02d    0x12  Code  Gb  stm32_eth.o [1]
ETH_Start               0x0801adbb    0x20  Code  Gb  stm32_eth.o [1]
ETH_StructInit          0x0801acd1    0xea  Code  Gb  stm32_eth.o [1]
ETH_TxPkt_ChainMode     0x0801ca2d    0x5e  Code  Gb  ethernetif.o [1]
ETH_WKUP_IRQHandler     0x0801cd0d          Code  Wk  startup_stm32f10x_cl.o [1]
ETH_WritePHYRegister    0x0801ae75    0x72  Code  Gb  stm32_eth.o [1]
EXTI0_IRQHandler        0x0801cc49          Code  Wk  startup_stm32f10x_cl.o [1]
EXTI15_10_IRQHandler    0x0801ccd1          Code  Wk  startup_stm32f10x_cl.o [1]
EXTI1_IRQHandler        0x0801cc4d          Code  Wk  startup_stm32f10x_cl.o [1]
EXTI2_IRQHandler        0x0801cc51          Code  Wk  startup_stm32f10x_cl.o [1]
EXTI3_IRQHandler        0x0801cc55          Code  Wk  startup_stm32f10x_cl.o [1]
EXTI4_IRQHandler        0x0801cc59          Code  Wk  startup_stm32f10x_cl.o [1]
EXTI9_5_IRQHandler      0x0801cc8d          Code  Wk  startup_stm32f10x_cl.o [1]
Encoder_Init            0x0801b957    0x96  Code  Gb  stm32f107.o [1]
EthInitStatus           0x2000de30     0x4  Data  Gb  stm32f107.o [1]
Ethernet_Configuration  0x0801ba4f    0x9e  Code  Gb  stm32f107.o [1]
FLASH_ClearFlag         0x0801395f     0x8  Code  Gb  stm32f10x_flash.o [1]
FLASH_ErasePage         0x080138ad    0x64  Code  Gb  stm32f10x_flash.o [1]
FLASH_GetStatus         0x08013967    0x34  Code  Gb  stm32f10x_flash.o [1]
FLASH_IRQHandler        0x0801cc41          Code  Wk  startup_stm32f10x_cl.o [1]
FLASH_Lock              0x0801389b    0x12  Code  Gb  stm32f10x_flash.o [1]
FLASH_ProgramHalfWord   0x08013911    0x4e  Code  Gb  stm32f10x_flash.o [1]
FLASH_Unlock            0x08013885    0x16  Code  Gb  stm32f10x_flash.o [1]
FLASH_WaitForLastOperation
                        0x080139b5    0x32  Code  Gb  stm32f10x_flash.o [1]
GPIO_Configuration      0x0801baed   0x2a6  Code  Gb  stm32f107.o [1]
GPIO_ETH_MediaInterfaceConfig
                        0x08012df5     0x6  Code  Gb  stm32f10x_gpio.o [1]
GPIO_Init               0x08012bf9   0x138  Code  Gb  stm32f10x_gpio.o [1]
GPIO_PinRemapConfig     0x08012d83    0x72  Code  Gb  stm32f10x_gpio.o [1]
GPIO_ReadInputDataBit   0x08012d31    0x1a  Code  Gb  stm32f10x_gpio.o [1]
GPIO_ReadOutputDataBit  0x08012d4b    0x1a  Code  Gb  stm32f10x_gpio.o [1]
GPIO_ResetBits          0x08012d6b     0x6  Code  Gb  stm32f10x_gpio.o [1]
GPIO_SetBits            0x08012d65     0x6  Code  Gb  stm32f10x_gpio.o [1]
GPIO_WriteBit           0x08012d71    0x12  Code  Gb  stm32f10x_gpio.o [1]
GetModuleStatusDataFromQueue
                        0x080103c1    0x2c  Code  Gb  logic_ctrl.o [1]
GetSendMsgFromQueue     0x08014003     0xc  Code  Gb  fun.o [1]
GetUartSendDataFromQueue
                        0x080101a1    0x2a  Code  Gb  logic_ctrl.o [1]
HardFault_Handler       0x0801cac7     0x2  Code  Gb  stm32f10x_it.o [1]
I2C1_ER_IRQHandler      0x0801ccb1          Code  Wk  startup_stm32f10x_cl.o [1]
I2C1_EV_IRQHandler      0x0801ccad          Code  Wk  startup_stm32f10x_cl.o [1]
I2C2_ER_IRQHandler      0x0801ccb9          Code  Wk  startup_stm32f10x_cl.o [1]
I2C2_EV_IRQHandler      0x0801ccb5          Code  Wk  startup_stm32f10x_cl.o [1]
InitCanSendQueue        0x08012e21    0x18  Code  Gb  can_bus.o [1]
InitModuleStatusQueue   0x08010365    0x18  Code  Gb  logic_ctrl.o [1]
InitSendMsgQueue        0x08013fe3     0xe  Code  Gb  fun.o [1]
InitUartSendQueue       0x08010151    0x14  Code  Gb  logic_ctrl.o [1]
InputScanProc           0x08010419   0xc70  Code  Gb  logic_ctrl.o [1]
IsModuleStatusQueueFree
                        0x080103ed    0x14  Code  Gb  logic_ctrl.o [1]
Linkage_Stop_Photo_Ctrl_Handle
                        0x080115a3   0x198  Code  Gb  logic_ctrl.o [1]
Linkage_Stream_Ctrl_Handle
                        0x08011849    0xee  Code  Gb  logic_ctrl.o [1]
Linkage_stream_extra_signal
                        0x08011745   0x100  Code  Gb  logic_ctrl.o [1]
Linkage_stream_extrasignal_process
                        0x08011a51   0x13e  Code  Gb  logic_ctrl.o [1]
LocalTime               0x2000de04     0x4  Data  Gb  main.o [1]
LwIP_Init               0x0801be51    0x84  Code  Gb  netconf.o [1]
LwIP_Periodic_Handle    0x0801bedf    0x34  Code  Gb  netconf.o [1]
LwIP_Pkt_Handle         0x0801bed5     0xa  Code  Gb  netconf.o [1]
MACaddr                 0x2000dde8     0x8  Data  Gb  ethernetif.o [1]
MemManage_Handler       0x0801cac9     0x2  Code  Gb  stm32f10x_it.o [1]
Modbus_RTU_Comm_Process
                        0x0801a689   0x186  Code  Gb  modbus_rtu.o [1]
Modbus_RTU_Read_Reg_Cmd
                        0x08019afd    0x60  Code  Gb  modbus_rtu.o [1]
Modbus_RTU_Write_Multi_Reg_Cmd
                        0x08019a1d    0xe0  Code  Gb  modbus_rtu.o [1]
NMI_Handler             0x0801cac5     0x2  Code  Gb  stm32f10x_it.o [1]
NVIC_Configuration      0x0801bddd    0x72  Code  Gb  stm32f107.o [1]
NVIC_Init               0x0801c733    0x68  Code  Gb  misc.o [1]
NVIC_PriorityGroupConfig
                        0x0801c729     0xa  Code  Gb  misc.o [1]
NVIC_SetPriority        0x0801b801    0x26  Code  Lc  stm32f107.o [1]
NVIC_SetVectorTable     0x0801c79b     0xc  Code  Gb  misc.o [1]
NVIC_SystemReset        0x08012e05    0x1c  Code  Lc  can_bus.o [1]
NVIC_SystemReset        0x08013f5d    0x1c  Code  Lc  fun.o [1]
OTG_FS_IRQHandler       0x0801cd21          Code  Wk  startup_stm32f10x_cl.o [1]
OTG_FS_WKUP_IRQHandler  0x0801ccd9          Code  Wk  startup_stm32f10x_cl.o [1]
PVD_IRQHandler          0x0801cc35          Code  Wk  startup_stm32f10x_cl.o [1]
PWR_BackupAccessCmd     0x0801c71d     0x8  Code  Gb  stm32f10x_pwr.o [1]
PendSV_Handler          0x0801cad3     0x2  Code  Gb  stm32f10x_it.o [1]
RCC_AHBPeriphClockCmd   0x080145dd    0x1e  Code  Gb  stm32f10x_rcc.o [1]
RCC_AHBPeriphResetCmd   0x08014637    0x1e  Code  Gb  stm32f10x_rcc.o [1]
RCC_APB1PeriphClockCmd  0x08014619    0x1e  Code  Gb  stm32f10x_rcc.o [1]
RCC_APB1PeriphResetCmd  0x08014655    0x1e  Code  Gb  stm32f10x_rcc.o [1]
RCC_APB2PeriphClockCmd  0x080145fb    0x1e  Code  Gb  stm32f10x_rcc.o [1]
RCC_GetClocksFreq       0x0801443d   0x1a0  Code  Gb  stm32f10x_rcc.o [1]
RCC_IRQHandler          0x0801cc45          Code  Wk  startup_stm32f10x_cl.o [1]
RCC_MCOConfig           0x08014673     0x6  Code  Gb  stm32f10x_rcc.o [1]
RTCAlarm_IRQHandler     0x0801ccd5          Code  Wk  startup_stm32f10x_cl.o [1]
RTC_IRQHandler          0x0801cc3d          Code  Wk  startup_stm32f10x_cl.o [1]
Region$$Table$$Base     0x0801cb98           --   Gb  - Linker created -
Region$$Table$$Limit    0x0801cbbc           --   Gb  - Linker created -
Reset_Ctrl_Handle       0x08011b95    0x9e  Code  Gb  logic_ctrl.o [1]
Reset_Start_Inverter_Handle
                        0x08011c33    0x8e  Code  Gb  logic_ctrl.o [1]
Rx_Buff                 0x200096c4  0x17c0  Data  Gb  ethernetif.o [1]
SPI1_IRQHandler         0x0801ccbd          Code  Wk  startup_stm32f10x_cl.o [1]
SPI2_IRQHandler         0x0801ccc1          Code  Wk  startup_stm32f10x_cl.o [1]
SPI3_IRQHandler         0x0801cce1          Code  Wk  startup_stm32f10x_cl.o [1]
SVC_Handler             0x0801cacf     0x2  Code  Gb  stm32f10x_it.o [1]
SetSysClock             0x0801c5df     0x8  Code  Lc  system_stm32f10x.o [1]
SetSysClockTo72         0x0801c5e7   0x110  Code  Lc  system_stm32f10x.o [1]
Set_MAC_Address         0x0801c7c5    0x32  Code  Gb  ethernetif.o [1]
Speed_Ctrl_Process      0x080110a5   0x2e8  Code  Gb  logic_ctrl.o [1]
SysTick_Config          0x0801b827    0x38  Code  Lc  stm32f107.o [1]
SysTick_Handler         0x0801cad5     0x8  Code  Gb  stm32f10x_it.o [1]
SystemInit              0x0801c581    0x5e  Code  Gb  system_stm32f10x.o [1]
System_Setup            0x0801b9ed    0x62  Code  Gb  stm32f107.o [1]
TAMPER_IRQHandler       0x0801cc39          Code  Wk  startup_stm32f10x_cl.o [1]
TCPTimer                0x2000de14     0x4  Data  Gb  netconf.o [1]
TI1_Config              0x0801c481    0x38  Code  Lc  stm32f10x_tim.o [1]
TI2_Config              0x0801c4b9    0x42  Code  Lc  stm32f10x_tim.o [1]
TI3_Config              0x0801c4fb    0x42  Code  Lc  stm32f10x_tim.o [1]
TI4_Config              0x0801c53d    0x42  Code  Lc  stm32f10x_tim.o [1]
TIM1_BRK_IRQHandler     0x0801cc91          Code  Wk  startup_stm32f10x_cl.o [1]
TIM1_CC_IRQHandler      0x0801cc9d          Code  Wk  startup_stm32f10x_cl.o [1]
TIM1_TRG_COM_IRQHandler
                        0x0801cc99          Code  Wk  startup_stm32f10x_cl.o [1]
TIM1_UP_IRQHandler      0x0801cc95          Code  Wk  startup_stm32f10x_cl.o [1]
TIM2_IRQHandler         0x0801cca1          Code  Wk  startup_stm32f10x_cl.o [1]
TIM3_IRQHandler         0x0801cca5          Code  Wk  startup_stm32f10x_cl.o [1]
TIM4_IRQHandler         0x0801cca9          Code  Wk  startup_stm32f10x_cl.o [1]
TIM5_IRQHandler         0x0801ccdd          Code  Wk  startup_stm32f10x_cl.o [1]
TIM6_IRQHandler         0x0801cced          Code  Wk  startup_stm32f10x_cl.o [1]
TIM7_IRQHandler         0x0801ccf1          Code  Wk  startup_stm32f10x_cl.o [1]
TIM_Cmd                 0x0801c3d7    0x1c  Code  Gb  stm32f10x_tim.o [1]
TIM_EncoderInterfaceConfig
                        0x0801c3f3    0x3e  Code  Gb  stm32f10x_tim.o [1]
TIM_ICInit              0x0801c351    0x70  Code  Gb  stm32f10x_tim.o [1]
TIM_ICStructInit        0x0801c3c1    0x16  Code  Gb  stm32f10x_tim.o [1]
TIM_SetCounter          0x0801c431     0x4  Code  Gb  stm32f10x_tim.o [1]
TIM_SetIC1Prescaler     0x0801c435    0x12  Code  Gb  stm32f10x_tim.o [1]
TIM_SetIC2Prescaler     0x0801c447    0x14  Code  Gb  stm32f10x_tim.o [1]
TIM_SetIC3Prescaler     0x0801c45b    0x12  Code  Gb  stm32f10x_tim.o [1]
TIM_SetIC4Prescaler     0x0801c46d    0x14  Code  Gb  stm32f10x_tim.o [1]
TIM_TimeBaseInit        0x0801c311    0x36  Code  Gb  stm32f10x_tim.o [1]
Time_Update             0x0801b42f   0x130  Code  Gb  main.o [1]
Tx_Buff                 0x2000ae84   0xbe0  Data  Gb  ethernetif.o [1]
UART4_IRQHandler        0x0801cce5          Code  Wk  startup_stm32f10x_cl.o [1]
UART5_IRQHandler        0x0801cce9          Code  Wk  startup_stm32f10x_cl.o [1]
USART1_IRQHandler       0x0801cadd    0x4a  Code  Gb  stm32f10x_it.o [1]
USART2_IRQHandler       0x0801ccc9          Code  Wk  startup_stm32f10x_cl.o [1]
USART3_IRQHandler       0x0801cccd          Code  Wk  startup_stm32f10x_cl.o [1]
USART_ClearFlag         0x0801a99f     0xc  Code  Gb  stm32f10x_usart.o [1]
USART_Cmd               0x0801a8fd    0x1c  Code  Gb  stm32f10x_usart.o [1]
USART_Configuration     0x0801b85f    0x4e  Code  Gb  stm32f107.o [1]
USART_GetFlagStatus     0x0801a97f    0x20  Code  Gb  stm32f10x_usart.o [1]
USART_GetITStatus       0x0801a9ab    0x6e  Code  Gb  stm32f10x_usart.o [1]
USART_ITConfig          0x0801a919    0x56  Code  Gb  stm32f10x_usart.o [1]
USART_Init              0x0801a84d    0xac  Code  Gb  stm32f10x_usart.o [1]
USART_ReceiveData       0x0801a977     0x8  Code  Gb  stm32f10x_usart.o [1]
USART_SendData          0x0801a96f     0x8  Code  Gb  stm32f10x_usart.o [1]
UsageFault_Handler      0x0801cacd     0x2  Code  Gb  stm32f10x_it.o [1]
WWDG_IRQHandler         0x0801cc31          Code  Wk  startup_stm32f10x_cl.o [1]
__aeabi_memcpy          0x08012b89          Code  Gb  ABImemcpy.o [4]
__aeabi_memcpy4         0x08012ba3          Code  Gb  ABImemcpy.o [4]
__aeabi_memcpy8         0x08012ba3          Code  Gb  ABImemcpy.o [4]
__aeabi_memset          0x08017d81          Code  Gb  ABImemset.o [4]
__cmain                 0x0801cbbd          Code  Gb  cmain.o [4]
__exit                  0x0801cbed    0x14  Code  Gb  exit.o [5]
__iar_Memset            0x08017d81          Code  Gb  ABImemset.o [4]
__iar_Memset_word       0x08017d89          Code  Gb  ABImemset.o [4]
__iar_copy_init3        0x0801611b    0x2e  Code  Gb  copy_init3.o [4]
__iar_data_init3        0x0801cb6d    0x2c  Code  Gb  data_init3.o [4]
__iar_program_start     0x0801cc01          Code  Gb  cstartup_M.o [4]
__iar_zero_init3        0x080175db    0x22  Code  Gb  zero_init3.o [4]
__low_level_init        0x0801cbd3     0x4  Code  Gb  low_level_init.o [3]
__vector_table          0x08010000          Data  Gb  startup_stm32f10x_cl.o [1]
_call_main              0x0801cbc9          Code  Gb  cmain.o [4]
_exit                   0x0801cbe1          Code  Gb  cexit.o [4]
_main                   0x0801cbcf          Code  Gb  cmain.o [4]
ackno                   0x2000de58     0x4  Data  Lc  tcp_in.o [1]
arp_table               0x2000d944    0xc8  Data  Lc  etharp.o [1]
bCombinerInInfo         0x2000dd9c    0x10  Data  Gb  logic_ctrl.o [1]
bDownStockInfo          0x2000dd8c    0x10  Data  Gb  logic_ctrl.o [1]
bEmergencyInfo          0x2000dd5c    0x10  Data  Gb  logic_ctrl.o [1]
bEmergencyResetInfo     0x2000dd6c    0x10  Data  Gb  logic_ctrl.o [1]
bPhoto1Info             0x2000dccc    0x10  Data  Gb  logic_ctrl.o [1]
bPhoto2Info             0x2000dcdc    0x10  Data  Gb  logic_ctrl.o [1]
bPhoto3Info             0x2000dcec    0x10  Data  Gb  logic_ctrl.o [1]
bPhoto4Info             0x2000dcfc    0x10  Data  Gb  logic_ctrl.o [1]
bPhoto5Info             0x2000dd0c    0x10  Data  Gb  logic_ctrl.o [1]
bResetInfo              0x2000dd1c    0x10  Data  Gb  logic_ctrl.o [1]
bStartInfo              0x2000dd2c    0x10  Data  Gb  logic_ctrl.o [1]
bStopInfo               0x2000dd3c    0x10  Data  Gb  logic_ctrl.o [1]
bStreamInfo             0x2000dd4c    0x10  Data  Gb  logic_ctrl.o [1]
bUpStockInfo            0x2000dd7c    0x10  Data  Gb  logic_ctrl.o [1]
block_check_time_cnt    0x2000dc10    0x28  Data  Gb  logic_ctrl.o [1]
buf                     0x2000c284   0x5e0  Data  Lc  ip_frag.o [1]
canSendQueue            0x2000ddac     0xc  Data  Gb  can_bus.o [1]
canSendQueueBuff        0x2000cb34   0x2bc  Data  Gb  can_bus.o [1]
can_bus_frame_receive   0x080131d1   0x2e8  Code  Gb  can_bus.o [1]
can_bus_reply_read_user_paras
                        0x080135cf    0x44  Code  Gb  can_bus.o [1]
can_bus_reply_write_user_paras
                        0x08013657    0x44  Code  Gb  can_bus.o [1]
can_bus_send_func_emergency_cmd
                        0x0801370b    0x28  Code  Gb  can_bus.o [1]
can_bus_send_func_upStreamStop_cmd
                        0x08013733    0x28  Code  Gb  can_bus.o [1]
can_bus_send_module_status
                        0x0801369b    0x70  Code  Gb  can_bus.o [1]
can_bus_send_msg        0x080134b9    0xe0  Code  Gb  can_bus.o [1]
can_bus_send_one_frame  0x08012e77    0x68  Code  Gb  can_bus.o [1]
can_bus_send_read_user_paras
                        0x08013599    0x36  Code  Gb  can_bus.o [1]
can_bus_send_write_user_paras
                        0x08013613    0x44  Code  Gb  can_bus.o [1]
can_recv_buff           0x2000d448   0x190  Data  Gb  can_bus.o [1]
can_recv_len            0x2000de6a     0x2  Data  Gb  can_bus.o [1]
can_send_buff           0x2000d2b8   0x190  Data  Gb  can_bus.o [1]
can_send_frame_process  0x0801375b    0x4e  Code  Gb  can_bus.o [1]
can_send_len            0x2000de68     0x2  Data  Gb  can_bus.o [1]
comm_busy_flag          0x2000de97     0x1  Data  Gb  logic_ctrl.o [1]
comm_node               0x2000dddc     0xc  Data  Gb  logic_ctrl.o [1]
comm_recv_rw_comand     0x0801a04d   0x412  Code  Gb  modbus_rtu.o [1]
comm_send_rw_comand     0x08019b5d   0x4f0  Code  Gb  modbus_rtu.o [1]
creat_udp_connect_process
                        0x0801bf35    0x96  Code  Gb  udpclient.o [1]
current_header          0x2000ddfc     0x4  Data  Lc  ip.o [1]
current_netif           0x2000ddf8     0x4  Data  Lc  ip.o [1]
delay                   0x080139e7    0x1c  Code  Lc  stm32f10x_flash.o [1]
enQueue                 0x08013f89    0x32  Code  Gb  fun.o [1]
etharp_arp_input        0x08019203   0x180  Code  Gb  etharp.o [1]
etharp_cached_entry     0x2000de96     0x1  Data  Lc  etharp.o [1]
etharp_ip_input         0x080191d3    0x30  Code  Gb  etharp.o [1]
etharp_output           0x08019383    0xce  Code  Gb  etharp.o [1]
etharp_query            0x08019451   0x1f0  Code  Gb  etharp.o [1]
etharp_raw              0x0801964d   0x106  Code  Lc  etharp.o [1]
etharp_request          0x08019753    0x2e  Code  Gb  etharp.o [1]
etharp_send_ip          0x0801903f    0x64  Code  Lc  etharp.o [1]
etharp_tmr              0x08018ced    0xbc  Code  Gb  etharp.o [1]
ethbroadcast            0x080197e8     0x8  Data  Gb  etharp.o [1]
ethernet_input          0x08019781    0x68  Code  Gb  etharp.o [1]
ethernetif_init         0x0801c963    0x3e  Code  Gb  ethernetif.o [1]
ethernetif_input        0x0801c92d    0x36  Code  Gb  ethernetif.o [1]
ethzero                 0x080197f0     0x8  Data  Gb  etharp.o [1]
exit                    0x0801cbd7     0x8  Code  Gb  exit.o [3]
extralAllow             0x20000018     0x2  Data  Gb  logic_ctrl.o [1]
find_entry              0x08018da9   0x296  Code  Lc  etharp.o [1]
flags                   0x2000dea9     0x1  Data  Lc  tcp_in.o [1]
free_etharp_q           0x08018cc5    0x28  Code  Lc  etharp.o [1]
freq_check_cnt          0x2000de90     0x2  Data  Gb  modbus_rtu.o [1]
g_SegBytes              0x2000de6c     0x2  Data  Gb  can_bus.o [1]
g_SegNum                0x2000de95     0x1  Data  Gb  can_bus.o [1]
g_SegPolo               0x2000de94     0x1  Data  Gb  can_bus.o [1]
g_block_disable_flag    0x2000de9c     0x1  Data  Gb  logic_ctrl.o [1]
g_emergency_stop        0x2000de9f     0x1  Data  Gb  logic_ctrl.o [1]
g_link_down_phototrig_status
                        0x2000de9d     0x1  Data  Gb  logic_ctrl.o [1]
g_link_down_stream_status
                        0x2000de9a     0x1  Data  Gb  logic_ctrl.o [1]
g_link_up_stream_status
                        0x2000de99     0x1  Data  Gb  logic_ctrl.o [1]
g_speed_gear_status     0x2000de9b     0x1  Data  Gb  logic_ctrl.o [1]
g_speed_set_sta         0x2000dea6     0x1  Data  Gb  modbus_rtu.o [1]
get_CRC                 0x0801993d    0x18  Code  Gb  modbus_rtu.o [1]
get_inverter_fault_status
                        0x0801157d    0x26  Code  Gb  logic_ctrl.o [1]
get_ip_para_process     0x0801c29b    0x64  Code  Gb  udpclient.o [1]
get_photo_input_status  0x08011399    0xe8  Code  Gb  logic_ctrl.o [1]
half_sec_flag           0x2000de82     0x2  Data  Gb  main.o [1]
half_sec_reg            0x2000001e     0x2  Data  Gb  main.o [1]
heart_dely              0x2000dea0     0x1  Data  Gb  main.o [1]
htonl                   0x08015ae3    0x18  Code  Gb  inet.o [1]
htons                   0x08015ac9     0xc  Code  Gb  inet.o [1]
icmp_dest_unreach       0x08018c21    0x14  Code  Gb  icmp.o [1]
icmp_input              0x08018a91   0x190  Code  Gb  icmp.o [1]
icmp_send_response      0x08018c49    0x7a  Code  Lc  icmp.o [1]
icmp_time_exceeded      0x08018c35    0x14  Code  Gb  icmp.o [1]
inet_chksum             0x0801985d    0x16  Code  Gb  inet_chksum.o [1]
inet_chksum_pbuf        0x08019873    0x5c  Code  Gb  inet_chksum.o [1]
initQueue               0x08013f79    0x10  Code  Gb  fun.o [1]
inseg                   0x2000dcb8    0x14  Data  Lc  tcp_in.o [1]
inverter_status_buffer  0x2000dad4    0x64  Data  Gb  logic_ctrl.o [1]
ip_addr_any             0x0801619c     0x4  Data  Gb  ip_addr.o [1]
ip_addr_isbroadcast     0x08016149    0x54  Code  Gb  ip_addr.o [1]
ip_frag                 0x08018449   0x17a  Code  Gb  ip_frag.o [1]
ip_input                0x08017a43   0x1b4  Code  Gb  ip.o [1]
ip_output               0x08017d3d    0x44  Code  Gb  ip.o [1]
ip_output_if            0x08017bf7   0x132  Code  Gb  ip.o [1]
ip_reass                0x08018289   0x1c0  Code  Gb  ip_frag.o [1]
ip_reass_chain_frag_into_datagram_and_validate
                        0x08018101   0x188  Code  Lc  ip_frag.o [1]
ip_reass_dequeue_datagram
                        0x080180d7    0x2a  Code  Lc  ip_frag.o [1]
ip_reass_enqueue_new_datagram
                        0x0801807d    0x5a  Code  Lc  ip_frag.o [1]
ip_reass_free_complete_datagram
                        0x08017f59    0x9a  Code  Lc  ip_frag.o [1]
ip_reass_pbufcount      0x2000de70     0x2  Data  Lc  ip_frag.o [1]
ip_reass_remove_oldest_datagram
                        0x08017ff3    0x8a  Code  Lc  ip_frag.o [1]
ip_route                0x080179f5    0x4e  Code  Gb  ip.o [1]
iphdr                   0x2000de50     0x4  Data  Lc  tcp_in.o [1]
isHost                  0x2000dea2     0x1  Data  Gb  main.o [1]
lfree                   0x2000de10     0x4  Data  Lc  mem.o [1]
local_station           0x2000dea1     0x1  Data  Gb  main.o [1]
logicStockProcess       0x08011fd5   0xb6a  Code  Gb  logic_ctrl.o [1]
logicStockgetCurPhotoState
                        0x08011ebd    0xca  Code  Gb  logic_ctrl.o [1]
logic_cycle_decrease    0x080102dd    0x88  Code  Gb  logic_ctrl.o [1]
logic_getDownStreamPhotoTrigStatus
                        0x08011485    0xea  Code  Gb  logic_ctrl.o [1]
logic_uarttmp_init      0x080101cb    0x20  Code  Gb  logic_ctrl.o [1]
logic_upload_lastRunStatus
                        0x2000dc90    0x14  Data  Gb  logic_ctrl.o [1]
logic_upload_stopStatus
                        0x2000dc7c    0x14  Data  Gb  logic_ctrl.o [1]
logic_upstream_io_allow_output
                        0x08011d95   0x122  Code  Gb  logic_ctrl.o [1]
low_level_init          0x0801c7f7    0x92  Code  Lc  ethernetif.o [1]
low_level_input         0x0801c8c1    0x6c  Code  Lc  ethernetif.o [1]
low_level_output        0x0801c889    0x38  Code  Lc  ethernetif.o [1]
lwip_standard_chksum    0x080197f9    0x64  Code  Lc  inet_chksum.o [1]
mac_addr                0x2000ddf0     0x8  Data  Gb  main.o [1]
main                    0x0801b3a3    0x8c  Code  Gb  main.o [1]
main_msone_process      0x0801b70f    0x70  Code  Gb  main.o [1]
main_upload_run_state   0x0801b55f   0x1b0  Code  Gb  main.o [1]
mem_free                0x080176f7    0x52  Code  Gb  mem.o [1]
mem_init                0x080176a1    0x56  Code  Gb  mem.o [1]
mem_malloc              0x0801789d   0x12a  Code  Gb  mem.o [1]
mem_realloc             0x08017749   0x154  Code  Gb  mem.o [1]
mem_sem                 0x2000dea4     0x1  Data  Lc  mem.o [1]
memcpy                  0x08013a03    0x16  Code  Gb  tcp_out.o [1]
memp_free               0x08016b07    0x2a  Code  Gb  memp.o [1]
memp_init               0x08016a69    0x6a  Code  Gb  memp.o [1]
memp_malloc             0x08016ad3    0x34  Code  Gb  memp.o [1]
memp_memory             0x20005038  0x468c  Data  Lc  memp.o [1]
memp_num                0x08016b4c    0x14  Data  Lc  memp.o [1]
memp_sizes              0x08016b38    0x14  Data  Lc  memp.o [1]
memp_tab                0x2000dc38    0x24  Data  Lc  memp.o [1]
memset                  0x080179dd    0x16  Code  Gb  udp.o [1]
moduleStatusBuff        0x2000ba64   0x820  Data  Gb  logic_ctrl.o [1]
moduleStatusQueue       0x2000ddc4     0xc  Data  Gb  logic_ctrl.o [1]
module_status_recv_process
                        0x08012f65   0x114  Code  Gb  can_bus.o [1]
modulestate_index       0x20000022     0x2  Data  Gb  main.o [1]
modulestate_readcnt     0x2000de86     0x2  Data  Gb  main.o [1]
msgQueueBuff            0x2000da0c    0xc8  Data  Gb  fun.o [1]
msgSendQueue            0x2000ddb8     0xc  Data  Gb  fun.o [1]
msone_flag              0x2000dea3     0x1  Data  Gb  main.o [1]
netif                   0x2000dbe0    0x30  Data  Gb  netconf.o [1]
netif_add               0x08017de9    0x6c  Code  Gb  netif.o [1]
netif_default           0x2000de20     0x4  Data  Gb  netif.o [1]
netif_is_up             0x08017f4f     0xa  Code  Gb  netif.o [1]
netif_list              0x2000de1c     0x4  Data  Gb  netif.o [1]
netif_set_addr          0x08017e55    0x24  Code  Gb  netif.o [1]
netif_set_default       0x08017f07     0x6  Code  Gb  netif.o [1]
netif_set_gw            0x08017eeb     0xe  Code  Gb  netif.o [1]
netif_set_ipaddr        0x08017e79    0x72  Code  Gb  netif.o [1]
netif_set_netmask       0x08017ef9     0xe  Code  Gb  netif.o [1]
netif_set_up            0x08017f25    0x2a  Code  Gb  netif.o [1]
ntohl                   0x08015afb     0xc  Code  Gb  inet.o [1]
ntohs                   0x08015ad5     0xe  Code  Gb  inet.o [1]
outQueue                0x08013fbb    0x28  Code  Gb  fun.o [1]
para_data_recv_process  0x08012edf    0x86  Code  Gb  can_bus.o [1]
pbuf_alloc              0x08015b07   0x1f0  Code  Gb  pbuf.o [1]
pbuf_cat                0x08015ecf    0x38  Code  Gb  pbuf.o [1]
pbuf_chain              0x08015f07    0x16  Code  Gb  pbuf.o [1]
pbuf_clen               0x08015eaf    0x14  Code  Gb  pbuf.o [1]
pbuf_copy               0x08015f1d    0xce  Code  Gb  pbuf.o [1]
pbuf_copy_partial       0x08015feb    0xa2  Code  Gb  pbuf.o [1]
pbuf_free               0x08015e23    0x8c  Code  Gb  pbuf.o [1]
pbuf_header             0x08015d85    0x9e  Code  Gb  pbuf.o [1]
pbuf_realloc            0x08015cf7    0x8e  Code  Gb  pbuf.o [1]
pbuf_ref                0x08015ec3     0xc  Code  Gb  pbuf.o [1]
pbuf_take               0x0801608d    0x8e  Code  Gb  pbuf.o [1]
plug_holes              0x080175fd    0xa4  Code  Lc  mem.o [1]
polling_num             0x2000de98     0x1  Data  Gb  logic_ctrl.o [1]
ram                     0x2000de08     0x4  Data  Lc  mem.o [1]
ram_end                 0x2000de0c     0x4  Data  Lc  mem.o [1]
ram_heap                0x20000024  0x5014  Data  Lc  mem.o [1]
raw_input               0x080185d1    0x82  Code  Gb  raw.o [1]
raw_pcbs                0x2000de24     0x4  Data  Lc  raw.o [1]
read_mac_addrs          0x0801b161    0x5e  Code  Gb  main.o [1]
read_user_paras         0x08011cc5    0x92  Code  Gb  logic_ctrl.o [1]
reassdatagrams          0x2000de00     0x4  Data  Lc  ip_frag.o [1]
recv_data               0x2000de5c     0x4  Data  Lc  tcp_in.o [1]
recv_flags              0x2000deaa     0x1  Data  Lc  tcp_in.o [1]
recv_message_from_server
                        0x080141b1    0x24  Code  Gb  fun.o [1]
recv_msg_check          0x0801400f    0x5c  Code  Gb  fun.o [1]
recv_msg_process        0x0801406b   0x146  Code  Gb  fun.o [1]
reset_start_flag        0x2000de9e     0x1  Data  Gb  logic_ctrl.o [1]
reset_start_time_cnt    0x2000de72     0x2  Data  Gb  logic_ctrl.o [1]
scan_local_station      0x0801b1bf    0xd8  Code  Gb  main.o [1]
sec_flag                0x2000de80     0x2  Data  Gb  main.o [1]
sec_process             0x0801b297   0x10c  Code  Gb  main.o [1]
sec_reg                 0x2000001c     0x2  Data  Gb  main.o [1]
send_message_to_server  0x08014381    0x7c  Code  Gb  fun.o [1]
send_msg_module_status_cmd
                        0x080142d1    0xb0  Code  Gb  fun.o [1]
send_reply_read_para_cmd
                        0x080141d5    0x7e  Code  Gb  fun.o [1]
send_reply_write_para_cmd
                        0x08014253    0x7e  Code  Gb  fun.o [1]
seqno                   0x2000de54     0x4  Data  Lc  tcp_in.o [1]
stockFullFlag           0x2000de74     0x2  Data  Gb  logic_ctrl.o [1]
stopspeed_default       0x2000dca4    0x14  Data  Gb  modbus_rtu.o [1]
tcp_abandon             0x080162f1    0xb6  Code  Gb  tcp.o [1]
tcp_active_pcbs         0x2000de40     0x4  Data  Gb  tcp.o [1]
tcp_alloc               0x0801685b    0xb8  Code  Gb  tcp.o [1]
tcp_backoff             0x08016a50    0x10  Data  Gb  tcp.o [1]
tcp_bound_pcbs          0x2000de38     0x4  Data  Gb  tcp.o [1]
tcp_client_list         0x2000cdf0   0x270  Data  Gb  udpclient.o [1]
tcp_close               0x080161bf   0x132  Code  Gb  tcp.o [1]
tcp_eff_send_mss        0x08016a21    0x2e  Code  Gb  tcp.o [1]
tcp_enqueue             0x08016c15   0x46c  Code  Gb  tcp_out.o [1]
tcp_fasttmr             0x080166dd    0x72  Code  Gb  tcp.o [1]
tcp_input               0x080146ad   0x502  Code  Gb  tcp_in.o [1]
tcp_input_pcb           0x2000de60     0x4  Data  Gb  tcp_in.o [1]
tcp_keepalive           0x08017533    0x4a  Code  Gb  tcp_out.o [1]
tcp_kill_prio           0x080167bf    0x5e  Code  Lc  tcp.o [1]
tcp_kill_timewait       0x0801681d    0x3e  Code  Lc  tcp.o [1]
tcp_listen_input        0x08014baf   0x146  Code  Lc  tcp_in.o [1]
tcp_listen_pcbs         0x2000de3c     0x4  Data  Gb  tcp.o [1]
tcp_next_iss            0x080169dd    0x14  Code  Gb  tcp.o [1]
tcp_output              0x08017081   0x27e  Code  Gb  tcp_out.o [1]
tcp_output_segment      0x080172ff    0xcc  Code  Lc  tcp_out.o [1]
tcp_output_set_header   0x08016b61    0x94  Code  Lc  tcp_out.o [1]
tcp_parseopt            0x080159cf    0xd0  Code  Lc  tcp_in.o [1]
tcp_pcb_purge           0x08016913    0x3a  Code  Gb  tcp.o [1]
tcp_pcb_remove          0x0801694d    0x90  Code  Gb  tcp.o [1]
tcp_persist_backoff     0x08016a60     0x8  Data  Gb  tcp.o [1]
tcp_process             0x08014d43   0x572  Code  Lc  tcp_in.o [1]
tcp_receive             0x080152e9   0x6e6  Code  Lc  tcp_in.o [1]
tcp_recv_null           0x08016797    0x28  Code  Lc  tcp.o [1]
tcp_rexmit              0x080174db    0x58  Code  Gb  tcp_out.o [1]
tcp_rexmit_rto          0x080174a1    0x3a  Code  Gb  tcp_out.o [1]
tcp_rst                 0x080173d9    0xc8  Code  Gb  tcp_out.o [1]
tcp_seg_free            0x08016771    0x26  Code  Gb  tcp.o [1]
tcp_segs_free           0x0801674f    0x22  Code  Gb  tcp.o [1]
tcp_send_ctrl           0x08016bf5    0x20  Code  Gb  tcp_out.o [1]
tcp_slowtmr             0x080163e1   0x2fc  Code  Gb  tcp.o [1]
tcp_ticks               0x2000de34     0x4  Data  Gb  tcp.o [1]
tcp_timer               0x2000dea8     0x1  Data  Lc  tcp.o [1]
tcp_timewait_input      0x08014cf5    0x4e  Code  Lc  tcp_in.o [1]
tcp_tmp_pcb             0x2000de48     0x4  Data  Gb  tcp.o [1]
tcp_tmr                 0x080161a1    0x1e  Code  Gb  tcp.o [1]
tcp_tw_pcbs             0x2000de44     0x4  Data  Gb  tcp.o [1]
tcp_update_rcv_ann_wnd  0x080163a7    0x3a  Code  Gb  tcp.o [1]
tcp_zero_window_probe   0x0801757d    0x5e  Code  Gb  tcp_out.o [1]
tcphdr                  0x2000de4c     0x4  Data  Lc  tcp_in.o [1]
tcplen                  0x2000de92     0x2  Data  Lc  tcp_in.o [1]
uart1_commu_state       0x2000dea5     0x1  Data  Gb  modbus_rtu.o [1]
uart1_recv_buff         0x2000dbac    0x34  Data  Gb  modbus_rtu.o [1]
uart1_recv_count        0x2000de8c     0x2  Data  Gb  modbus_rtu.o [1]
uart1_send              0x080199ab    0x72  Code  Gb  modbus_rtu.o [1]
uart1_send_buff         0x2000db78    0x34  Data  Gb  modbus_rtu.o [1]
uart1_send_count        0x2000de8a     0x2  Data  Gb  modbus_rtu.o [1]
uart1_tmr               0x2000de8e     0x2  Data  Gb  modbus_rtu.o [1]
uartSendQueue           0x2000ddd0     0xc  Data  Gb  logic_ctrl.o [1]
uartSendQueueBuff       0x2000d060   0x258  Data  Gb  logic_ctrl.o [1]
uart_recv_timeout       0x08019955    0x56  Code  Gb  modbus_rtu.o [1]
uarttmpQueueBuff        0x2000c864   0x2d0  Data  Gb  logic_ctrl.o [1]
udp_bind                0x08018983    0x86  Code  Gb  udp.o [1]
udp_client_process      0x0801c237    0x64  Code  Gb  udpclient.o [1]
udp_connect             0x08018a09    0x5c  Code  Gb  udp.o [1]
udp_echoclient_connect  0x0801bfcb    0xe4  Code  Gb  udpclient.o [1]
udp_input               0x08018659   0x1ec  Code  Gb  udp.o [1]
udp_new                 0x08018a71    0x20  Code  Gb  udp.o [1]
udp_pcbs                0x2000de64     0x4  Data  Gb  udp.o [1]
udp_receive_callback    0x0801c0af   0x122  Code  Gb  udpclient.o [1]
udp_recv                0x08018a65     0x6  Code  Gb  udp.o [1]
udp_send                0x08018845    0x14  Code  Gb  udp.o [1]
udp_send_process        0x0801c1d1    0x66  Code  Gb  udpclient.o [1]
udp_sendto              0x08018859    0x38  Code  Gb  udp.o [1]
udp_sendto_if           0x08018891    0xf2  Code  Gb  udp.o [1]
update_arp_entry        0x080190a3   0x130  Code  Lc  etharp.o [1]
upload_55ms             0x2000de88     0x2  Data  Gb  main.o [1]
upload_runcnt           0x2000de84     0x2  Data  Gb  main.o [1]
upload_time_delay       0x20000020     0x2  Data  Gb  main.o [1]
user_paras_local        0x2000d5d8   0x124  Data  Gb  logic_ctrl.o [1]
user_paras_slave        0x2000d6fc   0x124  Data  Gb  logic_ctrl.o [1]
user_paras_temp         0x2000d820   0x124  Data  Gb  logic_ctrl.o [1]
vcanbus_oenframe_send   0x080137a9    0x78  Code  Gb  can_bus.o [1]
vcanbus_oneframe_recvCmd
                        0x08013163    0x6e  Code  Gb  can_bus.o [1]
vcanbus_recv_upstreamstop
                        0x08013079    0xea  Code  Gb  can_bus.o [1]
write_user_paras        0x08011d57    0x34  Code  Gb  logic_ctrl.o [1]


[1] = G:\combiner\combiner_v1\EXP_IOT_CTRL_PROJECT\Project\EWARMv5_IAP\STM3210C-EVAL\Obj
[2] = command line
[3] = dl7M_tlf.a
[4] = rt7M_tl.a
[5] = shb_l.a

  52 480 bytes of readonly  code memory
      72 bytes of readonly  data memory
  61 099 bytes of readwrite data memory

Errors: none
Warnings: none
